Component: ARM Compiler 5.06 update 6 (build 750) Tool: armlink [4d35ed]

==============================================================================

Section Cross References

    startup_stm32f407xx.o(RESET) refers to startup_stm32f407xx.o(STACK) for __initial_sp
    startup_stm32f407xx.o(RESET) refers to startup_stm32f407xx.o(.text) for Reset_Handler
    startup_stm32f407xx.o(RESET) refers to stm32f4xx_it.o(i.NMI_Handler) for NMI_Handler
    startup_stm32f407xx.o(RESET) refers to stm32f4xx_it.o(i.HardFault_Handler) for HardFault_Handler
    startup_stm32f407xx.o(RESET) refers to stm32f4xx_it.o(i.MemManage_Handler) for MemManage_Handler
    startup_stm32f407xx.o(RESET) refers to stm32f4xx_it.o(i.BusFault_Handler) for BusFault_Handler
    startup_stm32f407xx.o(RESET) refers to stm32f4xx_it.o(i.UsageFault_Handler) for UsageFault_Handler
    startup_stm32f407xx.o(RESET) refers to port.o(.emb_text) for SVC_Handler
    startup_stm32f407xx.o(RESET) refers to stm32f4xx_it.o(i.DebugMon_Handler) for DebugMon_Handler
    startup_stm32f407xx.o(RESET) refers to stm32f4xx_it.o(i.SysTick_Handler) for SysTick_Handler
    startup_stm32f407xx.o(RESET) refers to stm32f4xx_it.o(i.DMA1_Stream1_IRQHandler) for DMA1_Stream1_IRQHandler
    startup_stm32f407xx.o(RESET) refers to stm32f4xx_it.o(i.DMA1_Stream3_IRQHandler) for DMA1_Stream3_IRQHandler
    startup_stm32f407xx.o(RESET) refers to stm32f4xx_it.o(i.DMA1_Stream5_IRQHandler) for DMA1_Stream5_IRQHandler
    startup_stm32f407xx.o(RESET) refers to stm32f4xx_it.o(i.CAN1_TX_IRQHandler) for CAN1_TX_IRQHandler
    startup_stm32f407xx.o(RESET) refers to stm32f4xx_it.o(i.CAN1_RX0_IRQHandler) for CAN1_RX0_IRQHandler
    startup_stm32f407xx.o(RESET) refers to stm32f4xx_it.o(i.TIM1_UP_TIM10_IRQHandler) for TIM1_UP_TIM10_IRQHandler
    startup_stm32f407xx.o(RESET) refers to stm32f4xx_it.o(i.USART1_IRQHandler) for USART1_IRQHandler
    startup_stm32f407xx.o(RESET) refers to stm32f4xx_it.o(i.USART2_IRQHandler) for USART2_IRQHandler
    startup_stm32f407xx.o(RESET) refers to stm32f4xx_it.o(i.USART3_IRQHandler) for USART3_IRQHandler
    startup_stm32f407xx.o(RESET) refers to stm32f4xx_it.o(i.DMA2_Stream1_IRQHandler) for DMA2_Stream1_IRQHandler
    startup_stm32f407xx.o(RESET) refers to stm32f4xx_it.o(i.DMA2_Stream2_IRQHandler) for DMA2_Stream2_IRQHandler
    startup_stm32f407xx.o(RESET) refers to stm32f4xx_it.o(i.CAN2_TX_IRQHandler) for CAN2_TX_IRQHandler
    startup_stm32f407xx.o(RESET) refers to stm32f4xx_it.o(i.CAN2_RX0_IRQHandler) for CAN2_RX0_IRQHandler
    startup_stm32f407xx.o(RESET) refers to stm32f4xx_it.o(i.USART6_IRQHandler) for USART6_IRQHandler
    startup_stm32f407xx.o(.text) refers to system_stm32f4xx.o(i.SystemInit) for SystemInit
    startup_stm32f407xx.o(.text) refers to entry.o(.ARM.Collect$$$$00000000) for __main
    main.o(i.HAL_TIM_PeriodElapsedCallback) refers to stm32f4xx_hal.o(i.HAL_IncTick) for HAL_IncTick
    main.o(i.SystemClock_Config) refers to stm32f4xx_hal_rcc.o(i.HAL_RCC_OscConfig) for HAL_RCC_OscConfig
    main.o(i.SystemClock_Config) refers to stm32f4xx_hal_rcc.o(i.HAL_RCC_ClockConfig) for HAL_RCC_ClockConfig
    main.o(i.SystemClock_Config) refers to stm32f4xx_hal_rcc.o(i.HAL_RCC_GetHCLKFreq) for HAL_RCC_GetHCLKFreq
    main.o(i.SystemClock_Config) refers to stm32f4xx_hal_cortex.o(i.HAL_SYSTICK_Config) for HAL_SYSTICK_Config
    main.o(i.SystemClock_Config) refers to stm32f4xx_hal_cortex.o(i.HAL_SYSTICK_CLKSourceConfig) for HAL_SYSTICK_CLKSourceConfig
    main.o(i.SystemClock_Config) refers to stm32f4xx_hal_cortex.o(i.HAL_NVIC_SetPriority) for HAL_NVIC_SetPriority
    main.o(i.main) refers to stm32f4xx_hal.o(i.HAL_Init) for HAL_Init
    main.o(i.main) refers to main.o(i.SystemClock_Config) for SystemClock_Config
    main.o(i.main) refers to gpio.o(i.MX_GPIO_Init) for MX_GPIO_Init
    main.o(i.main) refers to dma.o(i.MX_DMA_Init) for MX_DMA_Init
    main.o(i.main) refers to usart.o(i.MX_USART2_UART_Init) for MX_USART2_UART_Init
    main.o(i.main) refers to usart.o(i.MX_USART1_UART_Init) for MX_USART1_UART_Init
    main.o(i.main) refers to can.o(i.MX_CAN1_Init) for MX_CAN1_Init
    main.o(i.main) refers to usart.o(i.MX_USART6_UART_Init) for MX_USART6_UART_Init
    main.o(i.main) refers to can.o(i.MX_CAN2_Init) for MX_CAN2_Init
    main.o(i.main) refers to tim.o(i.MX_TIM13_Init) for MX_TIM13_Init
    main.o(i.main) refers to usart.o(i.MX_USART3_UART_Init) for MX_USART3_UART_Init
    main.o(i.main) refers to tim.o(i.MX_TIM3_Init) for MX_TIM3_Init
    main.o(i.main) refers to tim.o(i.MX_TIM2_Init) for MX_TIM2_Init
    main.o(i.main) refers to status_task.o(i.status_init) for status_init
    main.o(i.main) refers to stm32f4xx_hal.o(i.HAL_Delay) for HAL_Delay
    main.o(i.main) refers to stm32f4xx_hal_gpio.o(i.HAL_GPIO_WritePin) for HAL_GPIO_WritePin
    main.o(i.main) refers to bsp_can.o(i.can_device_init) for can_device_init
    main.o(i.main) refers to chassis_task.o(i.chassis_init) for chassis_init
[...]
    HAL_DMA_Init                             0x08001731   Thumb Code   206  stm32f4xx_hal_dma.o(i.HAL_DMA_Init)
    HAL_DMA_Start                            0x08001805   Thumb Code    70  stm32f4xx_hal_dma.o(i.HAL_DMA_Start)
    HAL_Delay                                0x0800184d   Thumb Code    32  stm32f4xx_hal.o(i.HAL_Delay)
    HAL_GPIO_Init                            0x08001871   Thumb Code   388  stm32f4xx_hal_gpio.o(i.HAL_GPIO_Init)
    HAL_GPIO_TogglePin                       0x08001a21   Thumb Code     8  stm32f4xx_hal_gpio.o(i.HAL_GPIO_TogglePin)
    HAL_GPIO_WritePin                        0x08001a29   Thumb Code    10  stm32f4xx_hal_gpio.o(i.HAL_GPIO_WritePin)
    HAL_GetTick                              0x08001a35   Thumb Code     6  stm32f4xx_hal.o(i.HAL_GetTick)
    HAL_IncTick                              0x08001a41   Thumb Code    12  stm32f4xx_hal.o(i.HAL_IncTick)
    HAL_Init                                 0x08001a51   Thumb Code    48  stm32f4xx_hal.o(i.HAL_Init)
    HAL_InitTick                             0x08001a85   Thumb Code   100  stm32f4xx_hal_timebase_tim.o(i.HAL_InitTick)
    HAL_MspInit                              0x08001af9   Thumb Code   126  stm32f4xx_hal_msp.o(i.HAL_MspInit)
    HAL_NVIC_EnableIRQ                       0x08001b7d   Thumb Code    22  stm32f4xx_hal_cortex.o(i.HAL_NVIC_EnableIRQ)
    HAL_NVIC_SetPriority                     0x08001b95   Thumb Code    60  stm32f4xx_hal_cortex.o(i.HAL_NVIC_SetPriority)
    HAL_NVIC_SetPriorityGrouping             0x08001bd5   Thumb Code    26  stm32f4xx_hal_cortex.o(i.HAL_NVIC_SetPriorityGrouping)
    HAL_RCC_ClockConfig                      0x08001bf9   Thumb Code   286  stm32f4xx_hal_rcc.o(i.HAL_RCC_ClockConfig)
    HAL_RCC_GetClockConfig                   0x08001d29   Thumb Code    54  stm32f4xx_hal_rcc.o(i.HAL_RCC_GetClockConfig)
    HAL_RCC_GetHCLKFreq                      0x08001d69   Thumb Code     6  stm32f4xx_hal_rcc.o(i.HAL_RCC_GetHCLKFreq)
    HAL_RCC_GetPCLK1Freq                     0x08001d75   Thumb Code    20  stm32f4xx_hal_rcc.o(i.HAL_RCC_GetPCLK1Freq)
    HAL_RCC_GetPCLK2Freq                     0x08001d95   Thumb Code    20  stm32f4xx_hal_rcc.o(i.HAL_RCC_GetPCLK2Freq)
    HAL_RCC_GetSysClockFreq                  0x08001db5   Thumb Code    88  stm32f4xx_hal_rcc.o(i.HAL_RCC_GetSysClockFreq)
    HAL_RCC_OscConfig                        0x08001e15   Thumb Code   770  stm32f4xx_hal_rcc.o(i.HAL_RCC_OscConfig)
    HAL_SYSTICK_CLKSourceConfig              0x08002131   Thumb Code    24  stm32f4xx_hal_cortex.o(i.HAL_SYSTICK_CLKSourceConfig)
    HAL_SYSTICK_Config                       0x08002149   Thumb Code    40  stm32f4xx_hal_cortex.o(i.HAL_SYSTICK_Config)
    HAL_TIMEx_BreakCallback                  0x08002171   Thumb Code     2  stm32f4xx_hal_tim_ex.o(i.HAL_TIMEx_BreakCallback)
    HAL_TIMEx_CommutationCallback            0x08002173   Thumb Code     2  stm32f4xx_hal_tim_ex.o(i.HAL_TIMEx_CommutationCallback)
    HAL_TIMEx_MasterConfigSynchronization    0x08002175   Thumb Code    80  stm32f4xx_hal_tim_ex.o(i.HAL_TIMEx_MasterConfigSynchronization)
    HAL_TIM_Base_Init                        0x080021c5   Thumb Code    54  stm32f4xx_hal_tim.o(i.HAL_TIM_Base_Init)
    HAL_TIM_Base_MspInit                     0x080021fd   Thumb Code    30  tim.o(i.HAL_TIM_Base_MspInit)
    HAL_TIM_Base_Start_IT                    0x08002225   Thumb Code    24  stm32f4xx_hal_tim.o(i.HAL_TIM_Base_Start_IT)
    HAL_TIM_IC_CaptureCallback               0x0800223d   Thumb Code     2  stm32f4xx_hal_tim.o(i.HAL_TIM_IC_CaptureCallback)
    HAL_TIM_IRQHandler                       0x0800223f   Thumb Code   358  stm32f4xx_hal_tim.o(i.HAL_TIM_IRQHandler)
    HAL_TIM_MspPostInit                      0x080023a5   Thumb Code    66  tim.o(i.HAL_TIM_MspPostInit)
    HAL_TIM_OC_DelayElapsedCallback          0x080023f5   Thumb Code     2  stm32f4xx_hal_tim.o(i.HAL_TIM_OC_DelayElapsedCallback)
    HAL_TIM_PWM_ConfigChannel                0x080023f7   Thumb Code   208  stm32f4xx_hal_tim.o(i.HAL_TIM_PWM_ConfigChannel)
    HAL_TIM_PWM_Init                         0x080024c7   Thumb Code    54  stm32f4xx_hal_tim.o(i.HAL_TIM_PWM_Init)
    HAL_TIM_PWM_MspInit                      0x080024fd   Thumb Code    52  tim.o(i.HAL_TIM_PWM_MspInit)
    HAL_TIM_PWM_PulseFinishedCallback        0x08002539   Thumb Code     2  stm32f4xx_hal_tim.o(i.HAL_TIM_PWM_PulseFinishedCallback)
    HAL_TIM_PWM_Start                        0x0800253d   Thumb Code    48  stm32f4xx_hal_tim.o(i.HAL_TIM_PWM_Start)
    HAL_TIM_PeriodElapsedCallback            0x08002575   Thumb Code    14  main.o(i.HAL_TIM_PeriodElapsedCallback)
    HAL_TIM_TriggerCallback                  0x08002589   Thumb Code     2  stm32f4xx_hal_tim.o(i.HAL_TIM_TriggerCallback)
    HAL_UART_ErrorCallback                   0x0800258b   Thumb Code     2  stm32f4xx_hal_uart.o(i.HAL_UART_ErrorCallback)
    HAL_UART_IRQHandler                      0x0800258d   Thumb Code   266  stm32f4xx_hal_uart.o(i.HAL_UART_IRQHandler)
    HAL_UART_Init                            0x0800269d   Thumb Code    98  stm32f4xx_hal_uart.o(i.HAL_UART_Init)
    HAL_UART_MspInit                         0x08002701   Thumb Code   624  usart.o(i.HAL_UART_MspInit)
    HAL_UART_RxCpltCallback                  0x080029b1   Thumb Code     2  stm32f4xx_hal_uart.o(i.HAL_UART_RxCpltCallback)
    HAL_UART_Transmit                        0x080029b3   Thumb Code   186  stm32f4xx_hal_uart.o(i.HAL_UART_Transmit)
    HAL_UART_Transmit_IT                     0x08002a6d   Thumb Code    62  stm32f4xx_hal_uart.o(i.HAL_UART_Transmit_IT)
    HAL_UART_TxCpltCallback                  0x08002aab   Thumb Code     2  stm32f4xx_hal_uart.o(i.HAL_UART_TxCpltCallback)
    HardFault_Handler                        0x08002aad   Thumb Code     2  stm32f4xx_it.o(i.HardFault_Handler)
    Judgement_Heat_data_Update               0x08002ab1   Thumb Code    26  bsp_triggermotor.o(i.Judgement_Heat_data_Update)
    KalmanFilter                             0x08002ad5   Thumb Code    84  visionfire_task.o(i.KalmanFilter)
    MX_CAN1_Init                             0x08002b2d   Thumb Code    64  can.o(i.MX_CAN1_Init)
    MX_CAN2_Init                             0x08002b85   Thumb Code    64  can.o(i.MX_CAN2_Init)
    MX_DMA_Init                              0x08002bdd   Thumb Code   120  dma.o(i.MX_DMA_Init)
    MX_FREERTOS_Init                         0x08002c59   Thumb Code   230  freertos.o(i.MX_FREERTOS_Init)
    MX_GPIO_Init                             0x08002d49   Thumb Code   196  gpio.o(i.MX_GPIO_Init)
    MX_TIM13_Init                            0x08002e1d   Thumb Code    46  tim.o(i.MX_TIM13_Init)
    MX_TIM2_Init                             0x08002e65   Thumb Code   104  tim.o(i.MX_TIM2_Init)
    MX_TIM3_Init                             0x08002ee1   Thumb Code   126  tim.o(i.MX_TIM3_Init)
    MX_USART1_UART_Init                      0x08002f79   Thumb Code    50  usart.o(i.MX_USART1_UART_Init)
    MX_USART2_UART_Init                      0x08002fc9   Thumb Code    52  usart.o(i.MX_USART2_UART_Init)
    MX_USART3_UART_Init                      0x08003015   Thumb Code    52  usart.o(i.MX_USART3_UART_Init)
    MX_USART6_UART_Init                      0x08003061   Thumb Code    52  usart.o(i.MX_USART6_UART_Init)
    MemManage_Handler                        0x080030ad   Thumb Code     2  stm32f4xx_it.o(i.MemManage_Handler)
    NMI_Handler                              0x080030af   Thumb Code     2  stm32f4xx_it.o(i.NMI_Handler)
    PID_struct_init                          0x080030d1   Thumb Code    16  pid.o(i.PID_struct_init)
    Slope_On                                 0x080030e9   Thumb Code   142  math_calcu.o(i.Slope_On)
    StartDefaultTask                         0x08003177   Thumb Code     8  freertos.o(i.StartDefaultTask)
    SysTick_Handler                          0x0800317f   Thumb Code     4  stm32f4xx_it.o(i.SysTick_Handler)
    SystemClock_Config                       0x08003185   Thumb Code   150  main.o(i.SystemClock_Config)
    SystemInit                               0x08003225   Thumb Code    66  system_stm32f4xx.o(i.SystemInit)
    TIM1_UP_TIM10_IRQHandler                 0x08003279   Thumb Code     6  stm32f4xx_it.o(i.TIM1_UP_TIM10_IRQHandler)
    TIM_Base_SetConfig                       0x08003285   Thumb Code   148  stm32f4xx_hal_tim.o(i.TIM_Base_SetConfig)
    TIM_CCxChannelCmd                        0x08003345   Thumb Code    22  stm32f4xx_hal_tim.o(i.TIM_CCxChannelCmd)
    TIM_OC2_SetConfig                        0x080033b5   Thumb Code    90  stm32f4xx_hal_tim.o(i.TIM_OC2_SetConfig)
    TriggerMotor_control                     0x080034c9   Thumb Code   210  bsp_triggermotor.o(i.TriggerMotor_control)
    TriggerMotor_init                        0x080035c5   Thumb Code    72  bsp_triggermotor.o(i.TriggerMotor_init)
    USART1_IRQHandler                        0x08003a51   Thumb Code    18  stm32f4xx_it.o(i.USART1_IRQHandler)
    USART2_IRQHandler                        0x08003a69   Thumb Code    18  stm32f4xx_it.o(i.USART2_IRQHandler)
    USART3_IRQHandler                        0x08003a81   Thumb Code    18  stm32f4xx_it.o(i.USART3_IRQHandler)
    USART6_IRQHandler                        0x08003a99   Thumb Code    18  stm32f4xx_it.o(i.USART6_IRQHandler)
    UsageFault_Handler                       0x08003ab1   Thumb Code     2  stm32f4xx_it.o(i.UsageFault_Handler)
    _Error_Handler                           0x08003ab3   Thumb Code     2  main.o(i._Error_Handler)
    __ARM_fpclassify                         0x08003ab5   Thumb Code    48  fpclassify.o(i.__ARM_fpclassify)
    __ARM_fpclassifyf                        0x08003ae5   Thumb Code    38  fpclassifyf.o(i.__ARM_fpclassifyf)
    __hardfp_asinf                           0x08003b0d   Thumb Code   258  asinf.o(i.__hardfp_asinf)
    __hardfp_atan2f                          0x08003c39   Thumb Code   502  atan2f.o(i.__hardfp_atan2f)
    __hardfp_cos                             0x08003e89   Thumb Code   180  cos.o(i.__hardfp_cos)
    __hardfp_sin                             0x08003f51   Thumb Code   180  sin.o(i.__hardfp_sin)
    __ieee754_rem_pio2                       0x08004019   Thumb Code   938  rred.o(i.__ieee754_rem_pio2)
    __kernel_cos                             0x08004451   Thumb Code   322  cos_i.o(i.__kernel_cos)
    __kernel_poly                            0x080045c1   Thumb Code   248  poly.o(i.__kernel_poly)
    __kernel_sin                             0x080046b9   Thumb Code   280  sin_i.o(i.__kernel_sin)
    __mathlib_dbl_infnan                     0x080047e9   Thumb Code    20  dunder.o(i.__mathlib_dbl_infnan)
    __mathlib_dbl_invalid                    0x08004801   Thumb Code    24  dunder.o(i.__mathlib_dbl_invalid)
    __mathlib_dbl_underflow                  0x08004821   Thumb Code    24  dunder.o(i.__mathlib_dbl_underflow)
    __mathlib_flt_infnan                     0x08004841   Thumb Code     6  funder.o(i.__mathlib_flt_infnan)
    __mathlib_flt_infnan2                    0x08004847   Thumb Code     6  funder.o(i.__mathlib_flt_infnan2)
    __mathlib_flt_invalid                    0x0800484d   Thumb Code    10  funder.o(i.__mathlib_flt_invalid)
    __mathlib_flt_underflow                  0x0800485d   Thumb Code    10  funder.o(i.__mathlib_flt_underflow)
    __scatterload_copy                       0x0800486d   Thumb Code    14  handlers.o(i.__scatterload_copy)
    __scatterload_null                       0x0800487b   Thumb Code     2  handlers.o(i.__scatterload_null)
    __scatterload_zeroinit                   0x0800487d   Thumb Code    14  handlers.o(i.__scatterload_zeroinit)
    __set_errno                              0x0800488d   Thumb Code     6  errno.o(i.__set_errno)
    abs_limit                                0x08004899   Thumb Code    48  data_processing.o(i.abs_limit)
    append_crc16_check_sum                   0x080048c9   Thumb Code    36  protocol.o(i.append_crc16_check_sum)
    append_crc8_check_sum                    0x080048f1   Thumb Code    32  protocol.o(i.append_crc8_check_sum)
    can_device_init                          0x08004911   Thumb Code    44  bsp_can.o(i.can_device_init)
    can_msg_send_task                        0x08004945   Thumb Code    18  comm_task.o(i.can_msg_send_task)
    chance_Top                               0x08004959   Thumb Code    34  chassis_task.o(i.chance_Top)
    chassis_init                             0x08004985   Thumb Code   104  chassis_task.o(i.chassis_init)
    chassis_ramp                             0x08004a05   Thumb Code   234  math_calcu.o(i.chassis_ramp)
    chassis_task                             0x08004b09   Thumb Code  1160  chassis_task.o(i.chassis_task)
    circle_error                             0x08004f99   Thumb Code    76  data_processing.o(i.circle_error)
    dance_move                               0x08004fe9   Thumb Code    68  chassis_task.o(i.dance_move)
    data_packet_pack                         0x08005035   Thumb Code    88  judge_send_task.o(i.data_packet_pack)
    dma_buffer_to_unpack_buffer              0x08005091   Thumb Code   188  judge_unpack_task.o(i.dma_buffer_to_unpack_buffer)
    dma_current_data_counter                 0x08005151   Thumb Code     6  bsp_uart.o(i.dma_current_data_counter)
    dma_current_memory_target                0x08005157   Thumb Code    14  bsp_uart.o(i.dma_current_memory_target)
    encoder_data_handler                     0x08005169   Thumb Code    72  bsp_can.o(i.encoder_data_handler)
    fabs                                     0x080051b5   Thumb Code    24  fabs.o(i.fabs)
    fifo_s_get                               0x080051cd   Thumb Code    64  data_fifo.o(i.fifo_s_get)
    fifo_s_gets                              0x0800520d   Thumb Code    96  data_fifo.o(i.fifo_s_gets)
    fifo_s_init                              0x0800526d   Thumb Code    46  data_fifo.o(i.fifo_s_init)
    fifo_s_puts                              0x0800529b   Thumb Code   104  data_fifo.o(i.fifo_s_puts)
    fifo_used_count                          0x08005303   Thumb Code     8  data_fifo.o(i.fifo_used_count)
    fricmotor_status                         0x0800530d   Thumb Code    50  bsp_fricmotor.o(i.fricmotor_status)
    get_crc16_check_sum                      0x08005345   Thumb Code    38  protocol.o(i.get_crc16_check_sum)
    get_crc8_check_sum                       0x08005371   Thumb Code    26  protocol.o(i.get_crc8_check_sum)
    get_dma_memory_msg                       0x08005391   Thumb Code    24  judge_unpack_task.o(i.get_dma_memory_msg)
    get_moto_offset                          0x080053a9   Thumb Code    12  bsp_can.o(i.get_moto_offset)
    get_sw_mode                              0x080053b9   Thumb Code    44  modeswitch_task.o(i.get_sw_mode)
    gimbal_control                           0x080053f1   Thumb Code   276  gimbal_task.o(i.gimbal_control)
    gimbal_param_init                        0x08005539   Thumb Code   332  gimbal_task.o(i.gimbal_param_init)
    gimbal_task                              0x080056d9   Thumb Code   182  gimbal_task.o(i.gimbal_task)
    imudata_decoding                         0x080057b5   Thumb Code   812  bsp_imu.o(i.imudata_decoding)
    judge_send_task                          0x08005b2d   Thumb Code    46  judge_send_task.o(i.judge_send_task)
    judge_unpack_task                        0x08005b6d   Thumb Code    56  judge_unpack_task.o(i.judge_unpack_task)
    judge_unpack_task_Init                   0x08005ba9   Thumb Code   108  judge_unpack_task.o(i.judge_unpack_task_Init)
    judgement_data_handler                   0x08005c2d   Thumb Code   264  judgement_info.o(i.judgement_data_handler)
    judgement_uart_init                      0x08005d3d   Thumb Code    54  bsp_uart.o(i.judgement_uart_init)
    kal_init                                 0x08005d7d   Thumb Code   114  visionfire_task.o(i.kal_init)
    main                                     0x08005e0d   Thumb Code   130  main.o(i.main)
    mecanum_calc                             0x08005ea1   Thumb Code   222  chassis_task.o(i.mecanum_calc)
    mode_switch_task                         0x08005f85   Thumb Code    82  modeswitch_task.o(i.mode_switch_task)
    my_can_filter_init_recv_all              0x08005fed   Thumb Code    76  bsp_can.o(i.my_can_filter_init_recv_all)
    normal_calcu                             0x08006041   Thumb Code   212  gimbal_task.o(i.normal_calcu)
    osDelay                                  0x08006145   Thumb Code    14  cmsis_os.o(i.osDelay)
    osDelayUntil                             0x08006153   Thumb Code    14  cmsis_os.o(i.osDelayUntil)
    osKernelStart                            0x08006161   Thumb Code    10  cmsis_os.o(i.osKernelStart)
    osKernelSysTick                          0x0800616b   Thumb Code    24  cmsis_os.o(i.osKernelSysTick)
    osMutexCreate                            0x08006183   Thumb Code     6  cmsis_os.o(i.osMutexCreate)
    osMutexRelease                           0x08006189   Thumb Code    74  cmsis_os.o(i.osMutexRelease)
    osMutexWait                              0x080061d9   Thumb Code   100  cmsis_os.o(i.osMutexWait)
    osSignalSet                              0x08006241   Thumb Code    86  cmsis_os.o(i.osSignalSet)
    osSignalWait                             0x0800629d   Thumb Code    86  cmsis_os.o(i.osSignalWait)
    osSystickHandler                         0x080062f3   Thumb Code    20  cmsis_os.o(i.osSystickHandler)
    osThreadCreate                           0x08006307   Thumb Code    46  cmsis_os.o(i.osThreadCreate)
    osTimerCreate                            0x08006335   Thumb Code    30  cmsis_os.o(i.osTimerCreate)
    osTimerStart                             0x08006359   Thumb Code    88  cmsis_os.o(i.osTimerStart)
    pid_calc                                 0x080063b5   Thumb Code   490  pid.o(i.pid_calc)
    power_limit_control                      0x080065b9   Thumb Code   246  bsp_powerlimit.o(i.power_limit_control)
    power_limit_init                         0x080066c9   Thumb Code    14  bsp_powerlimit.o(i.power_limit_init)
    protocol_packet_pack                     0x080066dd   Thumb Code    94  judge_send_task.o(i.protocol_packet_pack)
    pvPortMalloc                             0x08006e45   Thumb Code   210  heap_4.o(i.pvPortMalloc)
    pvTaskIncrementMutexHeldCount            0x08006f1d   Thumb Code    18  tasks.o(i.pvTaskIncrementMutexHeldCount)
    pxPortInitialiseStack                    0x08006f35   Thumb Code    40  port.o(i.pxPortInitialiseStack)
    ramp_calc                                0x08006f61   Thumb Code    60  math_calcu.o(i.ramp_calc)
    rc_callback_handler                      0x08006f9d   Thumb Code   168  remote_msg.o(i.rc_callback_handler)
    send_packed_fifo_data                    0x08007045   Thumb Code    52  judge_send_task.o(i.send_packed_fifo_data)
    shoot_init                               0x0800707d   Thumb Code    24  shoot_task .o(i.shoot_init)
    shoot_task                               0x08007099   Thumb Code    62  shoot_task .o(i.shoot_task)
    sqrtf                                    0x080070ed   Thumb Code    62  sqrtf.o(i.sqrtf)
    status_init                              0x0800712b   Thumb Code     2  status_task.o(i.status_init)
    status_init_success                      0x0800712d   Thumb Code    26  status_task.o(i.status_init_success)
    status_task                              0x0800714d   Thumb Code    22  status_task.o(i.status_task)
    supercap_task                            0x08007169   Thumb Code    34  supercap_task.o(i.supercap_task)
    uart_init                                0x08007209   Thumb Code    92  bsp_uart.o(i.uart_init)
    uart_receive_handler                     0x080072b9   Thumb Code   110  bsp_uart.o(i.uart_receive_handler)
    unpack_fifo_data                         0x0800742d   Thumb Code   250  judge_unpack_task.o(i.unpack_fifo_data)
    uxListRemove                             0x08007527   Thumb Code    36  list.o(i.uxListRemove)
    vListInitialise                          0x0800754b   Thumb Code    22  list.o(i.vListInitialise)
    vListInitialiseItem                      0x08007561   Thumb Code     6  list.o(i.vListInitialiseItem)
    vListInsert                              0x08007567   Thumb Code    48  list.o(i.vListInsert)
    vListInsertEnd                           0x08007597   Thumb Code    24  list.o(i.vListInsertEnd)
    vPortEnterCritical                       0x080075b1   Thumb Code    54  port.o(i.vPortEnterCritical)
    vPortExitCritical                        0x080075f1   Thumb Code    34  port.o(i.vPortExitCritical)
    vPortFree                                0x08007619   Thumb Code    88  heap_4.o(i.vPortFree)
    vPortSetupTimerInterrupt                 0x08007675   Thumb Code    26  port.o(i.vPortSetupTimerInterrupt)
    vPortValidateInterruptPriority           0x08007695   Thumb Code    74  port.o(i.vPortValidateInterruptPriority)
    vQueueAddToRegistry                      0x080076e9   Thumb Code    34  queue.o(i.vQueueAddToRegistry)
    vQueueWaitForMessageRestricted           0x08007711   Thumb Code    68  queue.o(i.vQueueWaitForMessageRestricted)
    vTaskDelay                               0x08007755   Thumb Code    66  tasks.o(i.vTaskDelay)
    vTaskDelayUntil                          0x080077a1   Thumb Code   132  tasks.o(i.vTaskDelayUntil)
    vTaskMissedYield                         0x0800782d   Thumb Code     8  tasks.o(i.vTaskMissedYield)
    vTaskPlaceOnEventList                    0x08007839   Thumb Code    44  tasks.o(i.vTaskPlaceOnEventList)
    vTaskPlaceOnEventListRestricted          0x08007869   Thumb Code    52  tasks.o(i.vTaskPlaceOnEventListRestricted)
    vTaskPriorityInherit                     0x080078a1   Thumb Code   124  tasks.o(i.vTaskPriorityInherit)
    vTaskSetTimeOutState                     0x08007925   Thumb Code    30  tasks.o(i.vTaskSetTimeOutState)
    vTaskStartScheduler                      0x08007949   Thumb Code    94  tasks.o(i.vTaskStartScheduler)
    vTaskSuspendAll                          0x080079b9   Thumb Code    10  tasks.o(i.vTaskSuspendAll)
    vTaskSwitchContext                       0x080079c9   Thumb Code    82  tasks.o(i.vTaskSwitchContext)
    verify_crc16_check_sum                   0x08007a25   Thumb Code    54  protocol.o(i.verify_crc16_check_sum)
    verify_crc8_check_sum                    0x08007a61   Thumb Code    42  protocol.o(i.verify_crc8_check_sum)
    vision_calcu                             0x08007a8d   Thumb Code   412  gimbal_task.o(i.vision_calcu)
    vision_fire_task                         0x08007c5d   Thumb Code    18  visionfire_task.o(i.vision_fire_task)
    vision_message                           0x08007c75   Thumb Code   212  visionfire_task.o(i.vision_message)
    vision_mode_change                       0x08007d51   Thumb Code   164  visionfire_task.o(i.vision_mode_change)
    xPortStartScheduler                      0x08007e09   Thumb Code   202  port.o(i.xPortStartScheduler)
    xPortSysTickHandler                      0x08007ee9   Thumb Code    38  port.o(i.xPortSysTickHandler)
    xQueueCreateMutex                        0x08007f15   Thumb Code    36  queue.o(i.xQueueCreateMutex)
    xQueueGenericCreate                      0x08007f39   Thumb Code    72  queue.o(i.xQueueGenericCreate)
    xQueueGenericReceive                     0x08007f81   Thumb Code   360  queue.o(i.xQueueGenericReceive)
    xQueueGenericReset                       0x080080ed   Thumb Code   132  queue.o(i.xQueueGenericReset)
    xQueueGenericSend                        0x08008175   Thumb Code   346  queue.o(i.xQueueGenericSend)
    xQueueGenericSendFromISR                 0x080082d5   Thumb Code   188  queue.o(i.xQueueGenericSendFromISR)
    xQueueGiveFromISR                        0x08008391   Thumb Code   156  queue.o(i.xQueueGiveFromISR)
    xQueueReceiveFromISR                     0x0800842d   Thumb Code   154  queue.o(i.xQueueReceiveFromISR)
    xTaskCheckForTimeOut                     0x080084c9   Thumb Code   102  tasks.o(i.xTaskCheckForTimeOut)
    xTaskCreate                              0x08008535   Thumb Code    86  tasks.o(i.xTaskCreate)
    xTaskGenericNotify                       0x0800858d   Thumb Code   190  tasks.o(i.xTaskGenericNotify)
    xTaskGenericNotifyFromISR                0x08008659   Thumb Code   232  tasks.o(i.xTaskGenericNotifyFromISR)
    xTaskGetSchedulerState                   0x08008749   Thumb Code    22  tasks.o(i.xTaskGetSchedulerState)
    xTaskGetTickCount                        0x08008765   Thumb Code     6  tasks.o(i.xTaskGetTickCount)
    xTaskGetTickCountFromISR                 0x08008771   Thumb Code    12  tasks.o(i.xTaskGetTickCountFromISR)
    xTaskIncrementTick                       0x08008781   Thumb Code   192  tasks.o(i.xTaskIncrementTick)
    xTaskNotifyWait                          0x08008849   Thumb Code   130  tasks.o(i.xTaskNotifyWait)
    xTaskPriorityDisinherit                  0x080088d5   Thumb Code   144  tasks.o(i.xTaskPriorityDisinherit)
    xTaskRemoveFromEventList                 0x0800896d   Thumb Code   108  tasks.o(i.xTaskRemoveFromEventList)
    xTaskResumeAll                           0x080089e1   Thumb Code   182  tasks.o(i.xTaskResumeAll)
    xTimerCreate                             0x08008aa5   Thumb Code    78  timers.o(i.xTimerCreate)
    xTimerCreateTimerTask                    0x08008af5   Thumb Code    56  timers.o(i.xTimerCreateTimerTask)
    xTimerGenericCommand                     0x08008b3d   Thumb Code    92  timers.o(i.xTimerGenericCommand)
    AHBPrescTable                            0x08008c28   Data          16  system_stm32f4xx.o(.constdata)
    APBPrescTable                            0x08008c38   Data           8  system_stm32f4xx.o(.constdata)
    CRC8_TAB                                 0x08008c40   Data         256  protocol.o(.constdata)
    wCRC_Table                               0x08008d40   Data         512  protocol.o(.constdata)
    Region$$Table$$Base                      0x080090ac   Number         0  anon$$obj.o(Region$$Table)
    Region$$Table$$Limit                     0x080090cc   Number         0  anon$$obj.o(Region$$Table)
    can_msg_send_task_t                      0x20000004   Data           4  freertos.o(.data)
    mode_sw_task_t                           0x20000008   Data           4  freertos.o(.data)
    status_task_t                            0x2000000c   Data           4  freertos.o(.data)
    judge_unpack_task_t                      0x20000010   Data           4  freertos.o(.data)
    judge_sendTimer_id                       0x20000014   Data           4  freertos.o(.data)
    chassis_timer_id                         0x20000018   Data           4  freertos.o(.data)
    gimbal_timer_id                          0x2000001c   Data           4  freertos.o(.data)
    shoot_timer_id                           0x20000020   Data           4  freertos.o(.data)
    supercap_timer_id                        0x20000024   Data           4  freertos.o(.data)
    defaultTaskHandle                        0x20000028   Data           4  freertos.o(.data)
    SystemCoreClock                          0x2000002c   Data           4  system_stm32f4xx.o(.data)
    chassis_can_tx_data                      0x20000031   Data           8  bsp_can.o(.data)
    gimbal_can_tx_data                       0x20000039   Data           8  bsp_can.o(.data)
    supercap_can_tx_data                     0x20000041   Data           8  bsp_can.o(.data)
    CAN_Rx_data                              0x20000049   Data           8  bsp_can.o(.data)
    imu_can_data                             0x20000051   Data           8  bsp_can.o(.data)
    test                                     0x2000005c   Data           2  bsp_uart.o(.data)
    vision_buf                               0x20000064   Data           8  bsp_uart.o(.data)
    house_switch_flag                        0x2000006c   Data           1  bsp_coverservo.o(.data)
    ML_key_up                                0x20000070   Data           1  bsp_triggermotor.o(.data)
    single_flag                              0x20000071   Data           1  bsp_triggermotor.o(.data)
    ML_flag                                  0x20000072   Data           1  bsp_triggermotor.o(.data)
    t                                        0x20000074   Data           4  bsp_triggermotor.o(.data)
    p                                        0x20000078   Data           4  bsp_triggermotor.o(.data)
    dance_flag                               0x20000080   Data           1  chassis_task.o(.data)
    Top_flag                                 0x20000081   Data           1  chassis_task.o(.data)
    F_key_up                                 0x20000082   Data           1  chassis_task.o(.data)
    last_control_way                         0x20000083   Data           1  chassis_task.o(.data)
    dance_error                              0x20000084   Data           2  chassis_task.o(.data)
    retato_x                                 0x20000088   Data           8  chassis_task.o(.data)
    ctrl_mode                                0x20000090   Data           1  modeswitch_task.o(.data)
    last_ctrl_mode                           0x20000091   Data           1  modeswitch_task.o(.data)
    retato                                   0x20000092   Data           1  modeswitch_task.o(.data)
    Befor                                    0x20000094   Data           2  gimbal_task.o(.data)
    After                                    0x20000096   Data           2  gimbal_task.o(.data)
    dma_write_len                            0x2000009c   Data           4  judge_unpack_task.o(.data)
    fifo_overflow                            0x200000a0   Data           4  judge_unpack_task.o(.data)
    judge_txdata_mutex                       0x200000a8   Data           4  judge_unpack_task.o(.data)
    supercap_control                         0x200000ac   Data           8  comm_task.o(.data)
    C_key_up                                 0x200000b4   Data           1  visionfire_task.o(.data)
    X_key_up                                 0x200000b5   Data           1  visionfire_task.o(.data)
    Z_key_up                                 0x200000b6   Data           1  visionfire_task.o(.data)
    vision_send_msg                          0x200000b7   Data           8  visionfire_task.o(.data)
    kal_predict                              0x200000c0   Data           4  visionfire_task.o(.data)
    kal_predict1                             0x200000c4   Data           4  visionfire_task.o(.data)
    chassis_input                            0x200000c8   Data           4  math_calcu.o(.data)
    chassis_max                              0x200000cc   Data           4  math_calcu.o(.data)
    Stu_Client_ID                            0x200000d0   Data           2  judgement_info.o(.data)
    CRC_INIT                                 0x200000d2   Data           2  protocol.o(.data)
    uwTickFreq                               0x200000d4   Data           1  stm32f4xx_hal.o(.data)
    uwTickPrio                               0x200000d8   Data           4  stm32f4xx_hal.o(.data)
    uwTick                                   0x200000dc   Data           4  stm32f4xx_hal.o(.data)
    pxCurrentTCB                             0x20000104   Data           4  tasks.o(.data)
    hcan1                                    0x20000158   Data          40  can.o(.bss)
    hcan2                                    0x20000180   Data          40  can.o(.bss)
    htim2                                    0x200001a8   Data          60  tim.o(.bss)
    htim3                                    0x200001e4   Data          60  tim.o(.bss)
    htim13                                   0x20000220   Data          60  tim.o(.bss)
    huart1                                   0x2000025c   Data          64  usart.o(.bss)
    huart2                                   0x2000029c   Data          64  usart.o(.bss)
    huart3                                   0x200002dc   Data          64  usart.o(.bss)
    huart6                                   0x2000031c   Data          64  usart.o(.bss)
    hdma_usart1_rx                           0x2000035c   Data          96  usart.o(.bss)
    hdma_usart2_rx                           0x200003bc   Data          96  usart.o(.bss)
    hdma_usart3_rx                           0x2000041c   Data          96  usart.o(.bss)
    hdma_usart3_tx                           0x2000047c   Data          96  usart.o(.bss)
    hdma_usart6_rx                           0x200004dc   Data          96  usart.o(.bss)
    htim10                                   0x2000053c   Data          60  stm32f4xx_hal_timebase_tim.o(.bss)
    moto_chassis                             0x20000578   Data         240  bsp_can.o(.bss)
    moto_pit                                 0x20000668   Data          60  bsp_can.o(.bss)
    moto_yaw                                 0x200006a4   Data          60  bsp_can.o(.bss)
    motor_trigger                            0x200006e0   Data          60  bsp_can.o(.bss)
    Tx1Message                               0x2000071c   Data          24  bsp_can.o(.bss)
    Rx1Message                               0x20000734   Data          28  bsp_can.o(.bss)
    Tx2Message                               0x20000750   Data          24  bsp_can.o(.bss)
    dbus_buf                                 0x20000768   Data          18  bsp_uart.o(.bss)
    imu_buf                                  0x2000077a   Data          44  bsp_uart.o(.bss)
    judge_dma_rxbuff                         0x200007a6   Data        2048  bsp_uart.o(.bss)
    imu_gimbal                               0x20000fa8   Data          52  bsp_jy901.o(.bss)
    power_control                            0x20000fdc   Data          20  bsp_powerlimit.o(.bss)
    shoot_Fric_pwm_L                         0x20000ff0   Data          20  bsp_fricmotor.o(.bss)
    shoot_Fric_pwm_R                         0x20001004   Data          20  bsp_fricmotor.o(.bss)
    heat_limit                               0x20001018   Data          16  bsp_triggermotor.o(.bss)
    rm_imu_data                              0x20001028   Data         108  bsp_imu.o(.bss)
    chassis                                  0x20001094   Data          64  chassis_task.o(.bss)
    gimbal                                   0x200010d4   Data         120  gimbal_task.o(.bss)
    shoot                                    0x2000114c   Data          28  shoot_task .o(.bss)
    status                                   0x20001168   Data           9  status_task.o(.bss)
    judge_txdata_fifo                        0x20001384   Data          28  judge_unpack_task.o(.bss)
    judge_txdata_buf                         0x200013a0   Data         500  judge_unpack_task.o(.bss)
    judge_rx_obj                             0x20001594   Data          24  judge_unpack_task.o(.bss)
    judge_unpack_obj                         0x200015ac   Data         144  judge_unpack_task.o(.bss)
    motor_cur                                0x2000163c   Data          14  comm_task.o(.bss)
    vision_msg                               0x2000164c   Data          48  visionfire_task.o(.bss)
    kal_yaw                                  0x2000167c   Data          40  visionfire_task.o(.bss)
    kal_wz                                   0x200016a4   Data          40  visionfire_task.o(.bss)
    pid_chassis_angle                        0x200016cc   Data         108  pid.o(.bss)
    pid_pit_ecd                              0x20001738   Data         108  pid.o(.bss)
    pid_yaw_ecd                              0x200017a4   Data         108  pid.o(.bss)
    pid_pit_angle                            0x20001810   Data         108  pid.o(.bss)
    pid_yaw_angle                            0x2000187c   Data         108  pid.o(.bss)
    pid_trigger_angle                        0x200018e8   Data         108  pid.o(.bss)
    pid_pit_spd                              0x20001954   Data         108  pid.o(.bss)
    pid_yaw_spd                              0x200019c0   Data         108  pid.o(.bss)
    pid_trigger_spd                          0x20001a2c   Data         108  pid.o(.bss)
    pid_pitch_aim                            0x20001a98   Data         108  pid.o(.bss)
    pid_yaw_aim                              0x20001b04   Data         108  pid.o(.bss)
    pid_pitch_energy                         0x20001b70   Data         108  pid.o(.bss)
    pid_yaw_energy                           0x20001bdc   Data         108  pid.o(.bss)
    pid_chassis_spd                          0x20001c48   Data         432  pid.o(.bss)
    rc                                       0x20001df8   Data          20  remote_msg.o(.bss)
    chassis_x_ramp                           0x20001e0c   Data          20  math_calcu.o(.bss)
    chassis_y_ramp                           0x20001e20   Data          20  math_calcu.o(.bss)
    judge_recv_mesg                          0x20001e34   Data          78  judgement_info.o(.bss)
    judge_send_mesg                          0x20001e82   Data          19  judgement_info.o(.bss)
    xQueueRegistry                           0x20005a98   Data          64  queue.o(.bss)
    __initial_sp                             0x200061f0   Data           0  startup_stm32f407xx.o(STACK)



==============================================================================

Memory Map of the image

  Image Entry point : 0x08000189

  Load Region LR_IROM1 (Base: 0x08000000, Size: 0x00009224, Max: 0x00080000, ABSOLUTE, COMPRESSED[0x000090ec])

    Execution Region ER_IROM1 (Exec base: 0x08000000, Load base: 0x08000000, Size: 0x000090cc, Max: 0x00080000, ABSOLUTE)

    Exec Addr    Load Addr    Size         Type   Attr      Idx    E Section Name        Object

    0x08000000   0x08000000   0x00000188   Data   RO            3    RESET               startup_stm32f407xx.o
    0x08000188   0x08000188   0x00000000   Code   RO         6043  * .ARM.Collect$$$$00000000  mc_w.l(entry.o)
    0x08000188   0x08000188   0x00000004   Code   RO         6152    .ARM.Collect$$$$00000001  mc_w.l(entry2.o)
    0x0800018c   0x0800018c   0x00000004   Code   RO         6155    .ARM.Collect$$$$00000004  mc_w.l(entry5.o)
    0x08000190   0x08000190   0x00000000   Code   RO         6157    .ARM.Collect$$$$00000008  mc_w.l(entry7b.o)
    0x08000190   0x08000190   0x00000000   Code   RO         6159    .ARM.Collect$$$$0000000A  mc_w.l(entry8b.o)
    0x08000190   0x08000190   0x00000008   Code   RO         6160    .ARM.Collect$$$$0000000B  mc_w.l(entry9a.o)
    0x08000198   0x08000198   0x00000000   Code   RO         6162    .ARM.Collect$$$$0000000D  mc_w.l(entry10a.o)
    0x08000198   0x08000198   0x00000000   Code   RO         6164    .ARM.Collect$$$$0000000F  mc_w.l(entry11a.o)
    0x08000198   0x08000198   0x00000004   Code   RO         6153    .ARM.Collect$$$$00002712  mc_w.l(entry2.o)
    0x0800019c   0x0800019c   0x000000ba   Code   RO         4883    .emb_text           port.o
    0x08000256   0x08000256   0x00000002   PAD
    0x08000258   0x08000258   0x00000024   Code   RO            4    .text               startup_stm32f407xx.o
    0x0800027c   0x0800027c   0x00000062   Code   RO         6046    .text               mc_w.l(uldiv.o)
    0x080002de   0x080002de   0x00000024   Code   RO         6048    .text               mc_w.l(memcpya.o)
    0x08000302   0x08000302   0x00000024   Code   RO         6050    .text               mc_w.l(memseta.o)
    0x08000326   0x08000326   0x0000014e   Code   RO         6082    .text               mf_w.l(dadd.o)
    0x08000474   0x08000474   0x000000e4   Code   RO         6084    .text               mf_w.l(dmul.o)
    0x08000558   0x08000558   0x00000022   Code   RO         6086    .text               mf_w.l(dflti.o)
    0x0800057a   0x0800057a   0x0000001a   Code   RO         6088    .text               mf_w.l(dfltui.o)
    0x08000594   0x08000594   0x00000032   Code   RO         6090    .text               mf_w.l(dfixui.o)
    0x080005c6   0x080005c6   0x00000026   Code   RO         6092    .text               mf_w.l(f2d.o)
    0x080005ec   0x080005ec   0x00000038   Code   RO         6094    .text               mf_w.l(d2f.o)
    0x08000624   0x08000624   0x0000001e   Code   RO         6166    .text               mc_w.l(llshl.o)
    0x08000642   0x08000642   0x00000020   Code   RO         6168    .text               mc_w.l(llushr.o)
    0x08000662   0x08000662   0x00000024   Code   RO         6170    .text               mc_w.l(llsshr.o)
    0x08000686   0x08000686   0x00000000   Code   RO         6181    .text               mc_w.l(iusefp.o)
    0x08000686   0x08000686   0x0000006e   Code   RO         6182    .text               mf_w.l(fepilogue.o)
    0x080006f4   0x080006f4   0x000000ba   Code   RO         6184    .text               mf_w.l(depilogue.o)
    0x080007ae   0x080007ae   0x00000002   PAD
    0x080007b0   0x080007b0   0x00000024   Code   RO         6198    .text               mc_w.l(init.o)
    0x080007d4   0x080007d4   0x000000de   Code   RO         6200    .text               mf_w.l(ddiv.o)
    0x080008b2   0x080008b2   0x0000003e   Code   RO         6202    .text               mf_w.l(dfixi.o)
    0x080008f0   0x080008f0   0x0000003a   Code   RO         6212    .text               mc_w.l(__dczerorl.o)
    0x0800092a   0x0800092a   0x00000002   Code   RO          576    i.BusFault_Handler  stm32f4xx_it.o
    0x0800092c   0x0800092c   0x0000000c   Code   RO          577    i.CAN1_RX0_IRQHandler  stm32f4xx_it.o
    0x08000938   0x08000938   0x0000000c   Code   RO          578    i.CAN1_TX_IRQHandler  stm32f4xx_it.o
    0x08000944   0x08000944   0x0000000c   Code   RO          579    i.CAN2_RX0_IRQHandler  stm32f4xx_it.o
    0x08000950   0x08000950   0x0000000c   Code   RO          580    i.CAN2_TX_IRQHandler  stm32f4xx_it.o
    0x0800095c   0x0800095c   0x00000024   Code   RO         1240    i.CoverServo_init   bsp_coverservo.o
    0x08000980   0x08000980   0x00000064   Code   RO         1241    i.CoverServo_switch  bsp_coverservo.o
    0x080009e4   0x080009e4   0x0000000c   Code   RO          581    i.DMA1_Stream1_IRQHandler  stm32f4xx_it.o
    0x080009f0   0x080009f0   0x0000000c   Code   RO          582    i.DMA1_Stream3_IRQHandler  stm32f4xx_it.o
    0x080009fc   0x080009fc   0x0000000c   Code   RO          583    i.DMA1_Stream5_IRQHandler  stm32f4xx_it.o
    0x08000a08   0x08000a08   0x0000000c   Code   RO          584    i.DMA2_Stream1_IRQHandler  stm32f4xx_it.o
    0x08000a14   0x08000a14   0x0000000c   Code   RO          585    i.DMA2_Stream2_IRQHandler  stm32f4xx_it.o
    0x08000a20   0x08000a20   0x00000250   Code   RO          914    i.DMAEx_MultiBufferStart_IT  bsp_uart.o
    0x08000c70   0x08000c70   0x00000028   Code   RO         4230    i.DMA_CalcBaseAndBitshift  stm32f4xx_hal_dma.o
    0x08000c98   0x08000c98   0x00000054   Code   RO         4231    i.DMA_CheckFifoParam  stm32f4xx_hal_dma.o
    0x08000cec   0x08000cec   0x00000028   Code   RO         4232    i.DMA_SetConfig     stm32f4xx_hal_dma.o
    0x08000d14   0x08000d14   0x00000002   Code   RO          586    i.DebugMon_Handler  stm32f4xx_it.o
    0x08000d16   0x08000d16   0x00000002   PAD
    0x08000d18   0x08000d18   0x00000060   Code   RO         1172    i.FricGunControl    bsp_fricmotor.o
    0x08000d78   0x08000d78   0x00000050   Code   RO         1173    i.FricMotor_init    bsp_fricmotor.o
    0x08000dc8   0x08000dc8   0x00000028   Code   RO         2342    i.HAL_CAN_ActivateNotification  stm32f4xx_hal_can.o
    0x08000df0   0x08000df0   0x0000010c   Code   RO         2344    i.HAL_CAN_ConfigFilter  stm32f4xx_hal_can.o
    0x08000efc   0x08000efc   0x00000002   Code   RO         2347    i.HAL_CAN_ErrorCallback  stm32f4xx_hal_can.o
    0x08000efe   0x08000efe   0x000000fa   Code   RO         2350    i.HAL_CAN_GetRxMessage  stm32f4xx_hal_can.o
    0x08000ff8   0x08000ff8   0x000001fc   Code   RO         2354    i.HAL_CAN_IRQHandler  stm32f4xx_hal_can.o
    0x080011f4   0x080011f4   0x0000011a   Code   RO         2355    i.HAL_CAN_Init      stm32f4xx_hal_can.o
    0x0800130e   0x0800130e   0x00000002   PAD
    0x08001310   0x08001310   0x000000e0   Code   RO          308    i.HAL_CAN_MspInit   can.o
    0x080013f0   0x080013f0   0x00000002   Code   RO         2362    i.HAL_CAN_RxFifo0FullCallback  stm32f4xx_hal_can.o
    0x080013f2   0x080013f2   0x00000002   PAD
    0x080013f4   0x080013f4   0x00000108   Code   RO          829    i.HAL_CAN_RxFifo0MsgPendingCallback  bsp_can.o
    0x080014fc   0x080014fc   0x00000002   Code   RO         2364    i.HAL_CAN_RxFifo1FullCallback  stm32f4xx_hal_can.o
    0x080014fe   0x080014fe   0x00000002   Code   RO         2365    i.HAL_CAN_RxFifo1MsgPendingCallback  stm32f4xx_hal_can.o
    0x08001500   0x08001500   0x00000002   Code   RO         2366    i.HAL_CAN_SleepCallback  stm32f4xx_hal_can.o
    0x08001502   0x08001502   0x00000002   PAD
    0x08001504   0x08001504   0x00000058   Code   RO         2367    i.HAL_CAN_Start     stm32f4xx_hal_can.o
    0x0800155c   0x0800155c   0x00000002   Code   RO         2369    i.HAL_CAN_TxMailbox0AbortCallback  stm32f4xx_hal_can.o
    0x0800155e   0x0800155e   0x00000002   Code   RO         2370    i.HAL_CAN_TxMailbox0CompleteCallback  stm32f4xx_hal_can.o
    0x08001560   0x08001560   0x00000002   Code   RO         2371    i.HAL_CAN_TxMailbox1AbortCallback  stm32f4xx_hal_can.o
    0x08001562   0x08001562   0x00000002   Code   RO         2372    i.HAL_CAN_TxMailbox1CompleteCallback  stm32f4xx_hal_can.o
    0x08001564   0x08001564   0x00000002   Code   RO         2373    i.HAL_CAN_TxMailbox2AbortCallback  stm32f4xx_hal_can.o
    0x08001566   0x08001566   0x00000002   Code   RO         2374    i.HAL_CAN_TxMailbox2CompleteCallback  stm32f4xx_hal_can.o
    0x08001568   0x08001568   0x00000002   Code   RO         2376    i.HAL_CAN_WakeUpFromRxMsgCallback  stm32f4xx_hal_can.o
    0x0800156a   0x0800156a   0x00000024   Code   RO         4234    i.HAL_DMA_Abort_IT  stm32f4xx_hal_dma.o
    0x0800158e   0x0800158e   0x00000002   PAD
    0x08001590   0x08001590   0x000001a0   Code   RO         4238    i.HAL_DMA_IRQHandler  stm32f4xx_hal_dma.o
    0x08001730   0x08001730   0x000000d4   Code   RO         4239    i.HAL_DMA_Init      stm32f4xx_hal_dma.o
    0x08001804   0x08001804   0x00000046   Code   RO         4242    i.HAL_DMA_Start     stm32f4xx_hal_dma.o
    0x0800184a   0x0800184a   0x00000002   PAD
    0x0800184c   0x0800184c   0x00000024   Code   RO         4652    i.HAL_Delay         stm32f4xx_hal.o
    0x08001870   0x08001870   0x000001b0   Code   RO         4126    i.HAL_GPIO_Init     stm32f4xx_hal_gpio.o
    0x08001a20   0x08001a20   0x00000008   Code   RO         4129    i.HAL_GPIO_TogglePin  stm32f4xx_hal_gpio.o
    0x08001a28   0x08001a28   0x0000000a   Code   RO         4130    i.HAL_GPIO_WritePin  stm32f4xx_hal_gpio.o
    0x08001a32   0x08001a32   0x00000002   PAD
    0x08001a34   0x08001a34   0x0000000c   Code   RO         4658    i.HAL_GetTick       stm32f4xx_hal.o
    0x08001a40   0x08001a40   0x00000010   Code   RO         4662    i.HAL_IncTick       stm32f4xx_hal.o
    0x08001a50   0x08001a50   0x00000034   Code   RO         4663    i.HAL_Init          stm32f4xx_hal.o
    0x08001a84   0x08001a84   0x00000074   Code   RO          751    i.HAL_InitTick      stm32f4xx_hal_timebase_tim.o
    0x08001af8   0x08001af8   0x00000084   Code   RO          727    i.HAL_MspInit       stm32f4xx_hal_msp.o
    0x08001b7c   0x08001b7c   0x00000016   Code   RO         4515    i.HAL_NVIC_EnableIRQ  stm32f4xx_hal_cortex.o
    0x08001b92   0x08001b92   0x00000002   PAD
    0x08001b94   0x08001b94   0x00000040   Code   RO         4521    i.HAL_NVIC_SetPriority  stm32f4xx_hal_cortex.o
    0x08001bd4   0x08001bd4   0x00000024   Code   RO         4522    i.HAL_NVIC_SetPriorityGrouping  stm32f4xx_hal_cortex.o
    0x08001bf8   0x08001bf8   0x00000130   Code   RO         3772    i.HAL_RCC_ClockConfig  stm32f4xx_hal_rcc.o
    0x08001d28   0x08001d28   0x00000040   Code   RO         3776    i.HAL_RCC_GetClockConfig  stm32f4xx_hal_rcc.o
    0x08001d68   0x08001d68   0x0000000c   Code   RO         3777    i.HAL_RCC_GetHCLKFreq  stm32f4xx_hal_rcc.o
    0x08001d74   0x08001d74   0x00000020   Code   RO         3779    i.HAL_RCC_GetPCLK1Freq  stm32f4xx_hal_rcc.o
    0x08001d94   0x08001d94   0x00000020   Code   RO         3780    i.HAL_RCC_GetPCLK2Freq  stm32f4xx_hal_rcc.o
    0x08001db4   0x08001db4   0x00000060   Code   RO         3781    i.HAL_RCC_GetSysClockFreq  stm32f4xx_hal_rcc.o
    0x08001e14   0x08001e14   0x0000031c   Code   RO         3784    i.HAL_RCC_OscConfig  stm32f4xx_hal_rcc.o
    0x08002130   0x08002130   0x00000018   Code   RO         4524    i.HAL_SYSTICK_CLKSourceConfig  stm32f4xx_hal_cortex.o
    0x08002148   0x08002148   0x00000028   Code   RO         4526    i.HAL_SYSTICK_Config  stm32f4xx_hal_cortex.o
    0x08002170   0x08002170   0x00000002   Code   RO         3206    i.HAL_TIMEx_BreakCallback  stm32f4xx_hal_tim_ex.o
    0x08002172   0x08002172   0x00000002   Code   RO         3207    i.HAL_TIMEx_CommutationCallback  stm32f4xx_hal_tim_ex.o
    0x08002174   0x08002174   0x00000050   Code   RO         3223    i.HAL_TIMEx_MasterConfigSynchronization  stm32f4xx_hal_tim_ex.o
    0x080021c4   0x080021c4   0x00000036   Code   RO         2577    i.HAL_TIM_Base_Init  stm32f4xx_hal_tim.o
    0x080021fa   0x080021fa   0x00000002   PAD
    0x080021fc   0x080021fc   0x00000028   Code   RO          445    i.HAL_TIM_Base_MspInit  tim.o
    0x08002224   0x08002224   0x00000018   Code   RO         2582    i.HAL_TIM_Base_Start_IT  stm32f4xx_hal_tim.o
    0x0800223c   0x0800223c   0x00000002   Code   RO         2606    i.HAL_TIM_IC_CaptureCallback  stm32f4xx_hal_tim.o
    0x0800223e   0x0800223e   0x00000166   Code   RO         2619    i.HAL_TIM_IRQHandler  stm32f4xx_hal_tim.o
    0x080023a4   0x080023a4   0x00000050   Code   RO          446    i.HAL_TIM_MspPostInit  tim.o
    0x080023f4   0x080023f4   0x00000002   Code   RO         2622    i.HAL_TIM_OC_DelayElapsedCallback  stm32f4xx_hal_tim.o
    0x080023f6   0x080023f6   0x000000d0   Code   RO         2643    i.HAL_TIM_PWM_ConfigChannel  stm32f4xx_hal_tim.o
    0x080024c6   0x080024c6   0x00000036   Code   RO         2646    i.HAL_TIM_PWM_Init  stm32f4xx_hal_tim.o
    0x080024fc   0x080024fc   0x0000003c   Code   RO          448    i.HAL_TIM_PWM_MspInit  tim.o
    0x08002538   0x08002538   0x00000002   Code   RO         2649    i.HAL_TIM_PWM_PulseFinishedCallback  stm32f4xx_hal_tim.o
    0x0800253a   0x0800253a   0x00000002   PAD
    0x0800253c   0x0800253c   0x00000038   Code   RO         2650    i.HAL_TIM_PWM_Start  stm32f4xx_hal_tim.o
    0x08002574   0x08002574   0x00000014   Code   RO           13    i.HAL_TIM_PeriodElapsedCallback  main.o
    0x08002588   0x08002588   0x00000002   Code   RO         2660    i.HAL_TIM_TriggerCallback  stm32f4xx_hal_tim.o
    0x0800258a   0x0800258a   0x00000002   Code   RO         3466    i.HAL_UART_ErrorCallback  stm32f4xx_hal_uart.o
    0x0800258c   0x0800258c   0x00000110   Code   RO         3469    i.HAL_UART_IRQHandler  stm32f4xx_hal_uart.o
    0x0800269c   0x0800269c   0x00000062   Code   RO         3470    i.HAL_UART_Init     stm32f4xx_hal_uart.o
    0x080026fe   0x080026fe   0x00000002   PAD
    0x08002700   0x08002700   0x000002b0   Code   RO          517    i.HAL_UART_MspInit  usart.o
    0x080029b0   0x080029b0   0x00000002   Code   RO         3476    i.HAL_UART_RxCpltCallback  stm32f4xx_hal_uart.o
    0x080029b2   0x080029b2   0x000000ba   Code   RO         3478    i.HAL_UART_Transmit  stm32f4xx_hal_uart.o
    0x08002a6c   0x08002a6c   0x0000003e   Code   RO         3480    i.HAL_UART_Transmit_IT  stm32f4xx_hal_uart.o
    0x08002aaa   0x08002aaa   0x00000002   Code   RO         3481    i.HAL_UART_TxCpltCallback  stm32f4xx_hal_uart.o
    0x08002aac   0x08002aac   0x00000002   Code   RO          587    i.HardFault_Handler  stm32f4xx_it.o
    0x08002aae   0x08002aae   0x00000002   PAD
    0x08002ab0   0x08002ab0   0x00000024   Code   RO         1282    i.Judgement_Heat_data_Update  bsp_triggermotor.o
    0x08002ad4   0x08002ad4   0x00000058   Code   RO         1829    i.KalmanFilter      visionfire_task.o
    0x08002b2c   0x08002b2c   0x00000058   Code   RO          309    i.MX_CAN1_Init      can.o
    0x08002b84   0x08002b84   0x00000058   Code   RO          310    i.MX_CAN2_Init      can.o
    0x08002bdc   0x08002bdc   0x0000007c   Code   RO          356    i.MX_DMA_Init       dma.o
    0x08002c58   0x08002c58   0x000000f0   Code   RO          380    i.MX_FREERTOS_Init  freertos.o
    0x08002d48   0x08002d48   0x000000d4   Code   RO          283    i.MX_GPIO_Init      gpio.o
    0x08002e1c   0x08002e1c   0x00000048   Code   RO          449    i.MX_TIM13_Init     tim.o
    0x08002e64   0x08002e64   0x0000007c   Code   RO          450    i.MX_TIM2_Init      tim.o
    0x08002ee0   0x08002ee0   0x00000098   Code   RO          451    i.MX_TIM3_Init      tim.o
    0x08002f78   0x08002f78   0x00000050   Code   RO          518    i.MX_USART1_UART_Init  usart.o
    0x08002fc8   0x08002fc8   0x0000004c   Code   RO          519    i.MX_USART2_UART_Init  usart.o
    0x08003014   0x08003014   0x0000004c   Code   RO          520    i.MX_USART3_UART_Init  usart.o
    0x08003060   0x08003060   0x0000004c   Code   RO          521    i.MX_USART6_UART_Init  usart.o
    0x080030ac   0x080030ac   0x00000002   Code   RO          588    i.MemManage_Handler  stm32f4xx_it.o
    0x080030ae   0x080030ae   0x00000002   Code   RO          589    i.NMI_Handler       stm32f4xx_it.o
    0x080030b0   0x080030b0   0x00000020   Code   RO         4528    i.NVIC_SetPriority  stm32f4xx_hal_cortex.o
    0x080030d0   0x080030d0   0x00000018   Code   RO         1903    i.PID_struct_init   pid.o
    0x080030e8   0x080030e8   0x0000008e   Code   RO         2102    i.Slope_On          math_calcu.o
    0x08003176   0x08003176   0x00000008   Code   RO          381    i.StartDefaultTask  freertos.o
    0x0800317e   0x0800317e   0x00000004   Code   RO          590    i.SysTick_Handler   stm32f4xx_it.o
    0x08003182   0x08003182   0x00000002   PAD
    0x08003184   0x08003184   0x000000a0   Code   RO           14    i.SystemClock_Config  main.o
    0x08003224   0x08003224   0x00000054   Code   RO          792    i.SystemInit        system_stm32f4xx.o
    0x08003278   0x08003278   0x0000000c   Code   RO          591    i.TIM1_UP_TIM10_IRQHandler  stm32f4xx_it.o
    0x08003284   0x08003284   0x000000c0   Code   RO         2661    i.TIM_Base_SetConfig  stm32f4xx_hal_tim.o
    0x08003344   0x08003344   0x00000016   Code   RO         2662    i.TIM_CCxChannelCmd  stm32f4xx_hal_tim.o
    0x0800335a   0x0800335a   0x00000002   PAD
    0x0800335c   0x0800335c   0x00000058   Code   RO         2670    i.TIM_OC1_SetConfig  stm32f4xx_hal_tim.o
    0x080033b4   0x080033b4   0x00000064   Code   RO         2671    i.TIM_OC2_SetConfig  stm32f4xx_hal_tim.o
    0x08003418   0x08003418   0x00000060   Code   RO         2672    i.TIM_OC3_SetConfig  stm32f4xx_hal_tim.o
    0x08003478   0x08003478   0x00000050   Code   RO         2673    i.TIM_OC4_SetConfig  stm32f4xx_hal_tim.o
    0x080034c8   0x080034c8   0x000000fc   Code   RO         1283    i.TriggerMotor_control  bsp_triggermotor.o
    0x080035c4   0x080035c4   0x00000060   Code   RO         1284    i.TriggerMotor_init  bsp_triggermotor.o
    0x08003624   0x08003624   0x00000010   Code   RO         3483    i.UART_DMAAbortOnError  stm32f4xx_hal_uart.o
    0x08003634   0x08003634   0x0000001c   Code   RO         3493    i.UART_EndRxTransfer  stm32f4xx_hal_uart.o
    0x08003650   0x08003650   0x0000008c   Code   RO         3495    i.UART_Receive_IT   stm32f4xx_hal_uart.o
    0x080036dc   0x080036dc   0x000002ac   Code   RO         3496    i.UART_SetConfig    stm32f4xx_hal_uart.o
    0x08003988   0x08003988   0x00000062   Code   RO         3497    i.UART_Transmit_IT  stm32f4xx_hal_uart.o
    0x080039ea   0x080039ea   0x00000064   Code   RO         3498    i.UART_WaitOnFlagUntilTimeout  stm32f4xx_hal_uart.o
    0x08003a4e   0x08003a4e   0x00000002   PAD
    0x08003a50   0x08003a50   0x00000018   Code   RO          592    i.USART1_IRQHandler  stm32f4xx_it.o
    0x08003a68   0x08003a68   0x00000018   Code   RO          593    i.USART2_IRQHandler  stm32f4xx_it.o
    0x08003a80   0x08003a80   0x00000018   Code   RO          594    i.USART3_IRQHandler  stm32f4xx_it.o
    0x08003a98   0x08003a98   0x00000018   Code   RO          595    i.USART6_IRQHandler  stm32f4xx_it.o
    0x08003ab0   0x08003ab0   0x00000002   Code   RO          596    i.UsageFault_Handler  stm32f4xx_it.o
    0x08003ab2   0x08003ab2   0x00000002   Code   RO           15    i._Error_Handler    main.o
    0x08003ab4   0x08003ab4   0x00000030   Code   RO         6194    i.__ARM_fpclassify  m_wm.l(fpclassify.o)
    0x08003ae4   0x08003ae4   0x00000026   Code   RO         6113    i.__ARM_fpclassifyf  m_wm.l(fpclassifyf.o)
    0x08003b0a   0x08003b0a   0x00000002   PAD
    0x08003b0c   0x08003b0c   0x0000012c   Code   RO         5995    i.__hardfp_asinf    m_wm.l(asinf.o)
    0x08003c38   0x08003c38   0x00000250   Code   RO         6007    i.__hardfp_atan2f   m_wm.l(atan2f.o)
    0x08003e88   0x08003e88   0x000000c8   Code   RO         6019    i.__hardfp_cos      m_wm.l(cos.o)
    0x08003f50   0x08003f50   0x000000c8   Code   RO         6031    i.__hardfp_sin      m_wm.l(sin.o)
    0x08004018   0x08004018   0x00000438   Code   RO         6129    i.__ieee754_rem_pio2  m_wm.l(rred.o)
    0x08004450   0x08004450   0x00000170   Code   RO         6096    i.__kernel_cos      m_wm.l(cos_i.o)
    0x080045c0   0x080045c0   0x000000f8   Code   RO         6196    i.__kernel_poly     m_wm.l(poly.o)
    0x080046b8   0x080046b8   0x00000130   Code   RO         6134    i.__kernel_sin      m_wm.l(sin_i.o)
    0x080047e8   0x080047e8   0x00000014   Code   RO         6100    i.__mathlib_dbl_infnan  m_wm.l(dunder.o)
    0x080047fc   0x080047fc   0x00000004   PAD
    0x08004800   0x08004800   0x00000020   Code   RO         6102    i.__mathlib_dbl_invalid  m_wm.l(dunder.o)
    0x08004820   0x08004820   0x00000020   Code   RO         6105    i.__mathlib_dbl_underflow  m_wm.l(dunder.o)
    0x08004840   0x08004840   0x00000006   Code   RO         6116    i.__mathlib_flt_infnan  m_wm.l(funder.o)
    0x08004846   0x08004846   0x00000006   Code   RO         6117    i.__mathlib_flt_infnan2  m_wm.l(funder.o)
    0x0800484c   0x0800484c   0x00000010   Code   RO         6118    i.__mathlib_flt_invalid  m_wm.l(funder.o)
    0x0800485c   0x0800485c   0x00000010   Code   RO         6121    i.__mathlib_flt_underflow  m_wm.l(funder.o)
    0x0800486c   0x0800486c   0x0000000e   Code   RO         6206    i.__scatterload_copy  mc_w.l(handlers.o)
    0x0800487a   0x0800487a   0x00000002   Code   RO         6207    i.__scatterload_null  mc_w.l(handlers.o)
    0x0800487c   0x0800487c   0x0000000e   Code   RO         6208    i.__scatterload_zeroinit  mc_w.l(handlers.o)
    0x0800488a   0x0800488a   0x00000002   PAD
    0x0800488c   0x0800488c   0x0000000c   Code   RO         6176    i.__set_errno       mc_w.l(errno.o)
    0x08004898   0x08004898   0x00000030   Code   RO         2003    i.abs_limit         data_processing.o
    0x080048c8   0x080048c8   0x00000028   Code   RO         2283    i.append_crc16_check_sum  protocol.o
    0x080048f0   0x080048f0   0x00000020   Code   RO         2284    i.append_crc8_check_sum  protocol.o
    0x08004910   0x08004910   0x00000034   Code   RO          830    i.can_device_init   bsp_can.o
    0x08004944   0x08004944   0x00000012   Code   RO         1786    i.can_msg_send_task  comm_task.o
    0x08004956   0x08004956   0x00000002   PAD
    0x08004958   0x08004958   0x0000002c   Code   RO         1372    i.chance_Top        chassis_task.o
    0x08004984   0x08004984   0x00000080   Code   RO         1373    i.chassis_init      chassis_task.o
    0x08004a04   0x08004a04   0x00000104   Code   RO         2103    i.chassis_ramp      math_calcu.o
    0x08004b08   0x08004b08   0x00000490   Code   RO         1374    i.chassis_task      chassis_task.o
    0x08004f98   0x08004f98   0x00000050   Code   RO         2004    i.circle_error      data_processing.o
    0x08004fe8   0x08004fe8   0x0000004c   Code   RO         1375    i.dance_move        chassis_task.o
    0x08005034   0x08005034   0x0000005c   Code   RO         1688    i.data_packet_pack  judge_send_task.o
    0x08005090   0x08005090   0x000000c0   Code   RO         1731    i.dma_buffer_to_unpack_buffer  judge_unpack_task.o
    0x08005150   0x08005150   0x00000006   Code   RO          915    i.dma_current_data_counter  bsp_uart.o
    0x08005156   0x08005156   0x0000000e   Code   RO          916    i.dma_current_memory_target  bsp_uart.o
    0x08005164   0x08005164   0x00000002   Code   RO          917    i.dma_m0_rxcplt_callback  bsp_uart.o
    0x08005166   0x08005166   0x00000002   Code   RO          918    i.dma_m1_rxcplt_callback  bsp_uart.o
    0x08005168   0x08005168   0x0000004c   Code   RO          831    i.encoder_data_handler  bsp_can.o
    0x080051b4   0x080051b4   0x00000018   Code   RO         6190    i.fabs              m_wm.l(fabs.o)
    0x080051cc   0x080051cc   0x00000040   Code   RO         2156    i.fifo_s_get        data_fifo.o
    0x0800520c   0x0800520c   0x00000060   Code   RO         2157    i.fifo_s_gets       data_fifo.o
    0x0800526c   0x0800526c   0x0000002e   Code   RO         2158    i.fifo_s_init       data_fifo.o
    0x0800529a   0x0800529a   0x00000068   Code   RO         2161    i.fifo_s_puts       data_fifo.o
    0x08005302   0x08005302   0x00000008   Code   RO         2162    i.fifo_used_count   data_fifo.o
    0x0800530a   0x0800530a   0x00000002   PAD
    0x0800530c   0x0800530c   0x00000038   Code   RO         1174    i.fricmotor_status  bsp_fricmotor.o
    0x08005344   0x08005344   0x0000002c   Code   RO         2285    i.get_crc16_check_sum  protocol.o
    0x08005370   0x08005370   0x00000020   Code   RO         2286    i.get_crc8_check_sum  protocol.o
    0x08005390   0x08005390   0x00000018   Code   RO         1732    i.get_dma_memory_msg  judge_unpack_task.o
    0x080053a8   0x080053a8   0x00000010   Code   RO          832    i.get_moto_offset   bsp_can.o
    0x080053b8   0x080053b8   0x00000038   Code   RO         1441    i.get_sw_mode       modeswitch_task.o
    0x080053f0   0x080053f0   0x00000148   Code   RO         1492    i.gimbal_control    gimbal_task.o
    0x08005538   0x08005538   0x000001a0   Code   RO         1493    i.gimbal_param_init  gimbal_task.o
    0x080056d8   0x080056d8   0x000000dc   Code   RO         1494    i.gimbal_task       gimbal_task.o
    0x080057b4   0x080057b4   0x0000036c   Code   RO         1336    i.imudata_decoding  bsp_imu.o
    0x08005b20   0x08005b20   0x0000000c   Code   RO         5629    i.inHandlerMode     cmsis_os.o
    0x08005b2c   0x08005b2c   0x00000040   Code   RO         1689    i.judge_send_task   judge_send_task.o
    0x08005b6c   0x08005b6c   0x0000003c   Code   RO         1733    i.judge_unpack_task  judge_unpack_task.o
    0x08005ba8   0x08005ba8   0x00000084   Code   RO         1734    i.judge_unpack_task_Init  judge_unpack_task.o
    0x08005c2c   0x08005c2c   0x00000110   Code   RO         2249    i.judgement_data_handler  judgement_info.o
    0x08005d3c   0x08005d3c   0x00000040   Code   RO          919    i.judgement_uart_init  bsp_uart.o
    0x08005d7c   0x08005d7c   0x00000090   Code   RO         1831    i.kal_init          visionfire_task.o
    0x08005e0c   0x08005e0c   0x00000088   Code   RO           16    i.main              main.o
    0x08005e94   0x08005e94   0x0000000c   Code   RO         5631    i.makeFreeRtosPriority  cmsis_os.o
    0x08005ea0   0x08005ea0   0x000000e4   Code   RO         1376    i.mecanum_calc      chassis_task.o
    0x08005f84   0x08005f84   0x00000068   Code   RO         1442    i.mode_switch_task  modeswitch_task.o
    0x08005fec   0x08005fec   0x00000054   Code   RO          833    i.my_can_filter_init_recv_all  bsp_can.o
    0x08006040   0x08006040   0x00000104   Code   RO         1496    i.normal_calcu      gimbal_task.o
    0x08006144   0x08006144   0x0000000e   Code   RO         5633    i.osDelay           cmsis_os.o
    0x08006152   0x08006152   0x0000000e   Code   RO         5634    i.osDelayUntil      cmsis_os.o
    0x08006160   0x08006160   0x0000000a   Code   RO         5636    i.osKernelStart     cmsis_os.o
    0x0800616a   0x0800616a   0x00000018   Code   RO         5637    i.osKernelSysTick   cmsis_os.o
    0x08006182   0x08006182   0x00000006   Code   RO         5651    i.osMutexCreate     cmsis_os.o
    0x08006188   0x08006188   0x00000050   Code   RO         5653    i.osMutexRelease    cmsis_os.o
    0x080061d8   0x080061d8   0x00000068   Code   RO         5654    i.osMutexWait       cmsis_os.o
    0x08006240   0x08006240   0x0000005c   Code   RO         5667    i.osSignalSet       cmsis_os.o
    0x0800629c   0x0800629c   0x00000056   Code   RO         5668    i.osSignalWait      cmsis_os.o
    0x080062f2   0x080062f2   0x00000014   Code   RO         5669    i.osSystickHandler  cmsis_os.o
    0x08006306   0x08006306   0x0000002e   Code   RO         5670    i.osThreadCreate    cmsis_os.o
    0x08006334   0x08006334   0x00000024   Code   RO         5681    i.osTimerCreate     cmsis_os.o
    0x08006358   0x08006358   0x0000005c   Code   RO         5683    i.osTimerStart      cmsis_os.o
    0x080063b4   0x080063b4   0x000001f0   Code   RO         1904    i.pid_calc          pid.o
    0x080065a4   0x080065a4   0x0000000e   Code   RO         1905    i.pid_param_init    pid.o
    0x080065b2   0x080065b2   0x00000006   Code   RO         1906    i.pid_reset         pid.o
    0x080065b8   0x080065b8   0x00000110   Code   RO         1063    i.power_limit_control  bsp_powerlimit.o
    0x080066c8   0x080066c8   0x00000014   Code   RO         1064    i.power_limit_init  bsp_powerlimit.o
    0x080066dc   0x080066dc   0x00000064   Code   RO         1690    i.protocol_packet_pack  judge_send_task.o
    0x08006740   0x08006740   0x00000070   Code   RO         5232    i.prvAddCurrentTaskToDelayedList  tasks.o
    0x080067b0   0x080067b0   0x000000d0   Code   RO         5233    i.prvAddNewTaskToReadyList  tasks.o
    0x08006880   0x08006880   0x00000050   Code   RO         5524    i.prvCheckForValidListAndQueue  timers.o
    0x080068d0   0x080068d0   0x00000050   Code   RO         5234    i.prvCheckTasksWaitingTermination  tasks.o
    0x08006920   0x08006920   0x00000026   Code   RO         5086    i.prvCopyDataFromQueue  queue.o
    0x08006946   0x08006946   0x0000006c   Code   RO         5087    i.prvCopyDataToQueue  queue.o
    0x080069b2   0x080069b2   0x00000014   Code   RO         5235    i.prvDeleteTCB      tasks.o
    0x080069c6   0x080069c6   0x00000002   PAD
    0x080069c8   0x080069c8   0x0000004c   Code   RO         4813    i.prvHeapInit       heap_4.o
    0x08006a14   0x08006a14   0x00000028   Code   RO         5236    i.prvIdleTask       tasks.o
    0x08006a3c   0x08006a3c   0x0000008e   Code   RO         5237    i.prvInitialiseNewTask  tasks.o
    0x08006aca   0x08006aca   0x00000002   PAD
    0x08006acc   0x08006acc   0x0000004c   Code   RO         4814    i.prvInsertBlockIntoFreeList  heap_4.o
    0x08006b18   0x08006b18   0x00000038   Code   RO         5525    i.prvInsertTimerInActiveList  timers.o
    0x08006b50   0x08006b50   0x0000001c   Code   RO         5088    i.prvIsQueueEmpty   queue.o
    0x08006b6c   0x08006b6c   0x000000b8   Code   RO         5526    i.prvProcessReceivedCommands  timers.o
    0x08006c24   0x08006c24   0x000000b4   Code   RO         5527    i.prvProcessTimerOrBlockTask  timers.o
    0x08006cd8   0x08006cd8   0x00000020   Code   RO         5238    i.prvResetNextTaskUnblockTime  tasks.o
    0x08006cf8   0x08006cf8   0x00000028   Code   RO         5528    i.prvSampleTimeNow  timers.o
    0x08006d20   0x08006d20   0x0000006c   Code   RO         5529    i.prvSwitchTimerLists  timers.o
    0x08006d8c   0x08006d8c   0x00000028   Code   RO         4884    i.prvTaskExitError  port.o
    0x08006db4   0x08006db4   0x00000024   Code   RO         5530    i.prvTimerTask      timers.o
    0x08006dd8   0x08006dd8   0x0000006a   Code   RO         5089    i.prvUnlockQueue    queue.o
    0x08006e42   0x08006e42   0x00000002   PAD
    0x08006e44   0x08006e44   0x000000d8   Code   RO         4815    i.pvPortMalloc      heap_4.o
    0x08006f1c   0x08006f1c   0x00000018   Code   RO         5240    i.pvTaskIncrementMutexHeldCount  tasks.o
    0x08006f34   0x08006f34   0x0000002c   Code   RO         4885    i.pxPortInitialiseStack  port.o
    0x08006f60   0x08006f60   0x0000003c   Code   RO         2104    i.ramp_calc         math_calcu.o
    0x08006f9c   0x08006f9c   0x000000a8   Code   RO         1973    i.rc_callback_handler  remote_msg.o
    0x08007044   0x08007044   0x00000038   Code   RO         1691    i.send_packed_fifo_data  judge_send_task.o
    0x0800707c   0x0800707c   0x0000001c   Code   RO         1576    i.shoot_init        shoot_task .o
    0x08007098   0x08007098   0x00000054   Code   RO         1577    i.shoot_task        shoot_task .o
    0x080070ec   0x080070ec   0x0000003e   Code   RO         6142    i.sqrtf             m_wm.l(sqrtf.o)
    0x0800712a   0x0800712a   0x00000002   Code   RO         1614    i.status_init       status_task.o
    0x0800712c   0x0800712c   0x00000020   Code   RO         1615    i.status_init_success  status_task.o
    0x0800714c   0x0800714c   0x0000001c   Code   RO         1616    i.status_task       status_task.o
    0x08007168   0x08007168   0x00000030   Code   RO         1658    i.supercap_task     supercap_task.o
    0x08007198   0x08007198   0x00000070   Code   RO         1443    i.sw2_mode_handler  modeswitch_task.o
    0x08007208   0x08007208   0x00000070   Code   RO          921    i.uart_init         bsp_uart.o
    0x08007278   0x08007278   0x0000003e   Code   RO          922    i.uart_receive_dma_no_it  bsp_uart.o
    0x080072b6   0x080072b6   0x00000002   PAD
    0x080072b8   0x080072b8   0x00000094   Code   RO          923    i.uart_receive_handler  bsp_uart.o
    0x0800734c   0x0800734c   0x000000e0   Code   RO          924    i.uart_rx_idle_callback  bsp_uart.o
    0x0800742c   0x0800742c   0x000000fa   Code   RO         1735    i.unpack_fifo_data  judge_unpack_task.o
    0x08007526   0x08007526   0x00000024   Code   RO         5049    i.uxListRemove      list.o
    0x0800754a   0x0800754a   0x00000016   Code   RO         5050    i.vListInitialise   list.o
    0x08007560   0x08007560   0x00000006   Code   RO         5051    i.vListInitialiseItem  list.o
    0x08007566   0x08007566   0x00000030   Code   RO         5052    i.vListInsert       list.o
    0x08007596   0x08007596   0x00000018   Code   RO         5053    i.vListInsertEnd    list.o
    0x080075ae   0x080075ae   0x00000002   PAD
    0x080075b0   0x080075b0   0x00000040   Code   RO         4887    i.vPortEnterCritical  port.o
    0x080075f0   0x080075f0   0x00000028   Code   RO         4888    i.vPortExitCritical  port.o
    0x08007618   0x08007618   0x0000005c   Code   RO         4816    i.vPortFree         heap_4.o
    0x08007674   0x08007674   0x00000020   Code   RO         4889    i.vPortSetupTimerInterrupt  port.o
    0x08007694   0x08007694   0x00000054   Code   RO         4890    i.vPortValidateInterruptPriority  port.o
    0x080076e8   0x080076e8   0x00000028   Code   RO         5093    i.vQueueAddToRegistry  queue.o
    0x08007710   0x08007710   0x00000044   Code   RO         5096    i.vQueueWaitForMessageRestricted  queue.o
    0x08007754   0x08007754   0x0000004c   Code   RO         5246    i.vTaskDelay        tasks.o
    0x080077a0   0x080077a0   0x0000008c   Code   RO         5247    i.vTaskDelayUntil   tasks.o
    0x0800782c   0x0800782c   0x0000000c   Code   RO         5250    i.vTaskMissedYield  tasks.o
    0x08007838   0x08007838   0x00000030   Code   RO         5252    i.vTaskPlaceOnEventList  tasks.o
    0x08007868   0x08007868   0x00000038   Code   RO         5253    i.vTaskPlaceOnEventListRestricted  tasks.o
    0x080078a0   0x080078a0   0x00000084   Code   RO         5255    i.vTaskPriorityInherit  tasks.o
    0x08007924   0x08007924   0x00000024   Code   RO         5258    i.vTaskSetTimeOutState  tasks.o
    0x08007948   0x08007948   0x00000070   Code   RO         5259    i.vTaskStartScheduler  tasks.o
    0x080079b8   0x080079b8   0x00000010   Code   RO         5261    i.vTaskSuspendAll   tasks.o
    0x080079c8   0x080079c8   0x0000005c   Code   RO         5262    i.vTaskSwitchContext  tasks.o
    0x08007a24   0x08007a24   0x0000003c   Code   RO         2287    i.verify_crc16_check_sum  protocol.o
    0x08007a60   0x08007a60   0x0000002a   Code   RO         2288    i.verify_crc8_check_sum  protocol.o
    0x08007a8a   0x08007a8a   0x00000002   PAD
    0x08007a8c   0x08007a8c   0x000001d0   Code   RO         1497    i.vision_calcu      gimbal_task.o
    0x08007c5c   0x08007c5c   0x00000018   Code   RO         1833    i.vision_fire_task  visionfire_task.o
    0x08007c74   0x08007c74   0x000000dc   Code   RO         1834    i.vision_message    visionfire_task.o
    0x08007d50   0x08007d50   0x000000b8   Code   RO         1835    i.vision_mode_change  visionfire_task.o
    0x08007e08   0x08007e08   0x000000e0   Code   RO         4891    i.xPortStartScheduler  port.o
    0x08007ee8   0x08007ee8   0x0000002c   Code   RO         4892    i.xPortSysTickHandler  port.o
    0x08007f14   0x08007f14   0x00000024   Code   RO         5097    i.xQueueCreateMutex  queue.o
    0x08007f38   0x08007f38   0x00000048   Code   RO         5098    i.xQueueGenericCreate  queue.o
    0x08007f80   0x08007f80   0x0000016c   Code   RO         5099    i.xQueueGenericReceive  queue.o
    0x080080ec   0x080080ec   0x00000088   Code   RO         5100    i.xQueueGenericReset  queue.o
    0x08008174   0x08008174   0x00000160   Code   RO         5101    i.xQueueGenericSend  queue.o
    0x080082d4   0x080082d4   0x000000bc   Code   RO         5102    i.xQueueGenericSendFromISR  queue.o
    0x08008390   0x08008390   0x0000009c   Code   RO         5103    i.xQueueGiveFromISR  queue.o
    0x0800842c   0x0800842c   0x0000009a   Code   RO         5107    i.xQueueReceiveFromISR  queue.o
    0x080084c6   0x080084c6   0x00000002   PAD
    0x080084c8   0x080084c8   0x0000006c   Code   RO         5263    i.xTaskCheckForTimeOut  tasks.o
    0x08008534   0x08008534   0x00000056   Code   RO         5264    i.xTaskCreate       tasks.o
    0x0800858a   0x0800858a   0x00000002   PAD
    0x0800858c   0x0800858c   0x000000cc   Code   RO         5265    i.xTaskGenericNotify  tasks.o
    0x08008658   0x08008658   0x000000f0   Code   RO         5266    i.xTaskGenericNotifyFromISR  tasks.o
    0x08008748   0x08008748   0x0000001c   Code   RO         5268    i.xTaskGetSchedulerState  tasks.o
    0x08008764   0x08008764   0x0000000c   Code   RO         5269    i.xTaskGetTickCount  tasks.o
    0x08008770   0x08008770   0x00000010   Code   RO         5270    i.xTaskGetTickCountFromISR  tasks.o
    0x08008780   0x08008780   0x000000c8   Code   RO         5271    i.xTaskIncrementTick  tasks.o
    0x08008848   0x08008848   0x0000008c   Code   RO         5273    i.xTaskNotifyWait   tasks.o
    0x080088d4   0x080088d4   0x00000098   Code   RO         5274    i.xTaskPriorityDisinherit  tasks.o
    0x0800896c   0x0800896c   0x00000074   Code   RO         5275    i.xTaskRemoveFromEventList  tasks.o
    0x080089e0   0x080089e0   0x000000c4   Code   RO         5277    i.xTaskResumeAll    tasks.o
    0x08008aa4   0x08008aa4   0x0000004e   Code   RO         5533    i.xTimerCreate      timers.o
    0x08008af2   0x08008af2   0x00000002   PAD
    0x08008af4   0x08008af4   0x00000048   Code   RO         5534    i.xTimerCreateTimerTask  timers.o
    0x08008b3c   0x08008b3c   0x00000060   Code   RO         5535    i.xTimerGenericCommand  timers.o
    0x08008b9c   0x08008b9c   0x0000008c   Data   RO          382    .constdata          freertos.o
    0x08008c28   0x08008c28   0x00000010   Data   RO          793    .constdata          system_stm32f4xx.o
    0x08008c38   0x08008c38   0x00000008   Data   RO          794    .constdata          system_stm32f4xx.o
    0x08008c40   0x08008c40   0x00000300   Data   RO         2290    .constdata          protocol.o
    0x08008f40   0x08008f40   0x00000008   Data   RO         4245    .constdata          stm32f4xx_hal_dma.o
    0x08008f48   0x08008f48   0x00000030   Data   RO         6097    .constdata          m_wm.l(cos_i.o)
    0x08008f78   0x08008f78   0x000000c8   Data   RO         6131    .constdata          m_wm.l(rred.o)
    0x08009040   0x08009040   0x00000028   Data   RO         6135    .constdata          m_wm.l(sin_i.o)
    0x08009068   0x08009068   0x00000044   Data   RO          383    .conststring        freertos.o
    0x080090ac   0x080090ac   0x00000020   Data   RO         6204    Region$$Table       anon$$obj.o


    Execution Region RW_IRAM1 (Exec base: 0x20000000, Load base: 0x080090cc, Size: 0x000061f0, Max: 0x00020000, ABSOLUTE, COMPRESSED[0x00000020])

    Exec Addr    Load Addr    Size         Type   Attr      Idx    E Section Name        Object

    0x20000000   COMPRESSED   0x00000004   Data   RW          312    .data               can.o
    0x20000004   COMPRESSED   0x00000028   Data   RW          384    .data               freertos.o
    0x2000002c   COMPRESSED   0x00000004   Data   RW          795    .data               system_stm32f4xx.o
    0x20000030   COMPRESSED   0x00000029   Data   RW          838    .data               bsp_can.o
    0x20000059   COMPRESSED   0x00000003   PAD
    0x2000005c   COMPRESSED   0x00000010   Data   RW          927    .data               bsp_uart.o
    0x2000006c   COMPRESSED   0x00000001   Data   RW         1243    .data               bsp_coverservo.o
    0x2000006d   COMPRESSED   0x00000003   PAD
    0x20000070   COMPRESSED   0x0000000c   Data   RW         1287    .data               bsp_triggermotor.o
    0x2000007c   COMPRESSED   0x00000004   PAD
    0x20000080   COMPRESSED   0x00000010   Data   RW         1380    .data               chassis_task.o
    0x20000090   COMPRESSED   0x00000001   Data   RW         1444    .data               modeswitch_task.o
    0x20000091   COMPRESSED   0x00000001   Data   RW         1445    .data               modeswitch_task.o
    0x20000092   COMPRESSED   0x00000001   Data   RW         1447    .data               modeswitch_task.o
    0x20000093   COMPRESSED   0x00000001   PAD
    0x20000094   COMPRESSED   0x00000004   Data   RW         1501    .data               gimbal_task.o
    0x20000098   COMPRESSED   0x00000001   Data   RW         1692    .data               judge_send_task.o
    0x20000099   COMPRESSED   0x00000003   PAD
    0x2000009c   COMPRESSED   0x00000010   Data   RW         1737    .data               judge_unpack_task.o
    0x200000ac   COMPRESSED   0x00000008   Data   RW         1790    .data               comm_task.o
    0x200000b4   COMPRESSED   0x0000000b   Data   RW         1837    .data               visionfire_task.o
    0x200000bf   COMPRESSED   0x00000001   PAD
    0x200000c0   COMPRESSED   0x00000004   Data   RW         1838    .data               visionfire_task.o
    0x200000c4   COMPRESSED   0x00000004   Data   RW         1839    .data               visionfire_task.o
    0x200000c8   COMPRESSED   0x00000008   Data   RW         2108    .data               math_calcu.o
    0x200000d0   COMPRESSED   0x00000002   Data   RW         2252    .data               judgement_info.o
    0x200000d2   COMPRESSED   0x00000002   Data   RW         2291    .data               protocol.o
    0x200000d4   COMPRESSED   0x0000000c   Data   RW         4670    .data               stm32f4xx_hal.o
    0x200000e0   COMPRESSED   0x00000018   Data   RW         4821    .data               heap_4.o
    0x200000f8   COMPRESSED   0x0000000c   Data   RW         4893    .data               port.o
    0x20000104   COMPRESSED   0x0000003c   Data   RW         5280    .data               tasks.o
    0x20000140   COMPRESSED   0x00000014   Data   RW         5541    .data               timers.o
    0x20000154   COMPRESSED   0x00000004   Data   RW         6177    .data               mc_w.l(errno.o)
    0x20000158        -       0x00000050   Zero   RW          311    .bss                can.o
    0x200001a8        -       0x000000b4   Zero   RW          452    .bss                tim.o
    0x2000025c        -       0x000002e0   Zero   RW          522    .bss                usart.o
    0x2000053c        -       0x0000003c   Zero   RW          754    .bss                stm32f4xx_hal_timebase_tim.o
    0x20000578        -       0x000001f0   Zero   RW          837    .bss                bsp_can.o
    0x20000768        -       0x0000083e   Zero   RW          925    .bss                bsp_uart.o
    0x20000fa6   COMPRESSED   0x00000002   PAD
    0x20000fa8        -       0x00000034   Zero   RW         1028    .bss                bsp_jy901.o
    0x20000fdc        -       0x00000014   Zero   RW         1065    .bss                bsp_powerlimit.o
    0x20000ff0        -       0x00000028   Zero   RW         1177    .bss                bsp_fricmotor.o
    0x20001018        -       0x00000010   Zero   RW         1286    .bss                bsp_triggermotor.o
    0x20001028        -       0x0000006c   Zero   RW         1337    .bss                bsp_imu.o
    0x20001094        -       0x00000040   Zero   RW         1378    .bss                chassis_task.o
    0x200010d4        -       0x00000078   Zero   RW         1498    .bss                gimbal_task.o
    0x2000114c        -       0x0000001c   Zero   RW         1578    .bss                shoot_task .o
    0x20001168        -       0x00000009   Zero   RW         1617    .bss                status_task.o
    0x20001171   COMPRESSED   0x00000003   PAD
    0x20001174        -       0x000004c8   Zero   RW         1736    .bss                judge_unpack_task.o
    0x2000163c        -       0x0000000e   Zero   RW         1789    .bss                comm_task.o
    0x2000164a   COMPRESSED   0x00000002   PAD
    0x2000164c        -       0x00000080   Zero   RW         1836    .bss                visionfire_task.o
    0x200016cc        -       0x0000006c   Zero   RW         1908    .bss                pid.o
    0x20001738        -       0x0000006c   Zero   RW         1909    .bss                pid.o
    0x200017a4        -       0x0000006c   Zero   RW         1910    .bss                pid.o
    0x20001810        -       0x0000006c   Zero   RW         1911    .bss                pid.o
    0x2000187c        -       0x0000006c   Zero   RW         1912    .bss                pid.o
    0x200018e8        -       0x0000006c   Zero   RW         1913    .bss                pid.o
    0x20001954        -       0x0000006c   Zero   RW         1914    .bss                pid.o
    0x200019c0        -       0x0000006c   Zero   RW         1915    .bss                pid.o
    0x20001a2c        -       0x0000006c   Zero   RW         1916    .bss                pid.o
    0x20001a98        -       0x0000006c   Zero   RW         1917    .bss                pid.o
    0x20001b04        -       0x0000006c   Zero   RW         1918    .bss                pid.o
    0x20001b70        -       0x0000006c   Zero   RW         1919    .bss                pid.o
    0x20001bdc        -       0x0000006c   Zero   RW         1920    .bss                pid.o
    0x20001c48        -       0x000001b0   Zero   RW         1922    .bss                pid.o
    0x20001df8        -       0x00000014   Zero   RW         1974    .bss                remote_msg.o
    0x20001e0c        -       0x00000028   Zero   RW         2105    .bss                math_calcu.o
    0x20001e34        -       0x0000004e   Zero   RW         2250    .bss                judgement_info.o
    0x20001e82        -       0x00000013   Zero   RW         2251    .bss                judgement_info.o
    0x20001e95        -       0x00003c00   Zero   RW         4820    .bss                heap_4.o
    0x20005a95   COMPRESSED   0x00000003   PAD
    0x20005a98        -       0x00000040   Zero   RW         5108    .bss                queue.o
    0x20005ad8        -       0x000000f0   Zero   RW         5279    .bss                tasks.o
    0x20005bc8        -       0x00000028   Zero   RW         5540    .bss                timers.o
    0x20005bf0        -       0x00000600   Zero   RW            1    STACK               startup_stm32f407xx.o


==============================================================================

Image component sizes


      Code (inc. data)   RO Data    RW Data    ZI Data      Debug   Object Name

       492         56          0         41        496       5456   bsp_can.o
       136         28          0          1          0       1964   bsp_coverservo.o
       232         32          0          0         40       2955   bsp_fricmotor.o
       876         76          0          0        108       2613   bsp_imu.o
         0          0          0          0         52       1131   bsp_jy901.o
       292         32          0          0         20       3041   bsp_powerlimit.o
       384         76          0         12         16       2755   bsp_triggermotor.o
      1226         98          0         16       2110      12321   bsp_uart.o
       400         72          0          4         80       2394   can.o
      1644        174          0         16         64       6077   chassis_task.o
       648         26          0          0          0      22416   cmsis_os.o
        18          0          0          8         14       1625   comm_task.o
       318          0          0          0          0       4673   data_fifo.o
       128          4          0          0          0       1367   data_processing.o
       124          4          0          0          0        826   dma.o
         0          0          0          0          0       8060   event_groups.o
       248         10        208         40          0       3034   freertos.o
      1688        282          0          4        120       5140   gimbal_task.o
       212         16          0          0          0       1003   gpio.o
       460         24          0         24      15360      14315   heap_4.o
       312         32          0          1          0       3748   judge_send_task.o
       658         38          0         16       1224       5993   judge_unpack_task.o
       272         34          0          2         97       5495   judgement_info.o
       136          0          0          0          0       3562   list.o
       318         22          0          0          0     716791   main.o
       462         26          0          8         40       3454   math_calcu.o
       272         52          0          3          0       3554   modeswitch_task.o
       540         14          0          0       1836       5087   pid.o
       758         84          0         12          0      11921   port.o
       250         22        768          2          0       4796   protocol.o
      1846         20          0          0         64      17788   queue.o
       168          0          0          0         20       2415   remote_msg.o
       112         26          0          0         28       2031   shoot_task .o
        36          8        392          0       1536        836   startup_stm32f407xx.o
        62         12          0          0          9       2231   status_task.o
       116         18          0         12          0       3902   stm32f4xx_hal.o
      1460          6          0          0          0      13028   stm32f4xx_hal_can.o
       218         14          0          0          0      31049   stm32f4xx_hal_cortex.o
       898         16          8          0          0       6327   stm32f4xx_hal_dma.o
       450         44          0          0          0       3049   stm32f4xx_hal_gpio.o
       132          6          0          0          0        914   stm32f4xx_hal_msp.o
      1336         92          0          0          0       6309   stm32f4xx_hal_rcc.o
      1340         88          0          0          0      12430   stm32f4xx_hal_tim.o
        84          0          0          0          0       2426   stm32f4xx_hal_tim_ex.o
       116         16          0          0         60       1461   stm32f4xx_hal_timebase_tim.o
      1690         14          0          0          0      10362   stm32f4xx_hal_uart.o
       232         84          0          0          0      13398   stm32f4xx_it.o
        48         14          0          0          0        504   supercap_task.o
        84         18         24          4          0       1171   system_stm32f4xx.o
      2876        238          0         60        240      29723   tasks.o
       528        104          0          0        180       4082   tim.o
       930         78          0         20         40      11038   timers.o
       996        166          0          0        736       4156   usart.o
       660         68          0         19        128       5371   visionfire_task.o

    ----------------------------------------------------------------------
     29976       2484       1432        340      24728    1053568   Object Totals
         0          0         32          0          0          0   (incl. Generated)
        54          0          0         15         10          0   (incl. Padding)

    ----------------------------------------------------------------------

      Code (inc. data)   RO Data    RW Data    ZI Data      Debug   Library Member Name

       300         42          0          0          0        176   asinf.o
       592         90          0          0          0        184   atan2f.o
       200         20          0          0          0        164   cos.o
       368         46         48          0          0        200   cos_i.o
        84         16          0          0          0        372   dunder.o
        24          0          0          0          0        124   fabs.o
        48          0          0          0          0        124   fpclassify.o
        38          0          0          0          0        116   fpclassifyf.o
        44         12          0          0          0        464   funder.o
       248          0          0          0          0        152   poly.o
      1080        142        200          0          0        188   rred.o
       200         20          0          0          0        164   sin.o
       304         24         40          0          0        208   sin_i.o
        62          0          0          0          0        136   sqrtf.o
        58          0          0          0          0          0   __dczerorl.o
         0          0          0          0          0          0   entry.o
         0          0          0          0          0          0   entry10a.o
         0          0          0          0          0          0   entry11a.o
         8          4          0          0          0          0   entry2.o
         4          0          0          0          0          0   entry5.o
         0          0          0          0          0          0   entry7b.o
         0          0          0          0          0          0   entry8b.o
         8          4          0          0          0          0   entry9a.o
        12          6          0          4          0         68   errno.o
        30          0          0          0          0          0   handlers.o
        36          8          0          0          0         68   init.o
         0          0          0          0          0          0   iusefp.o
        30          0          0          0          0         68   llshl.o
        36          0          0          0          0         68   llsshr.o
        32          0          0          0          0         68   llushr.o
        36          0          0          0          0         68   memcpya.o
        36          0          0          0          0        108   memseta.o
        98          0          0          0          0         92   uldiv.o
        56          0          0          0          0         88   d2f.o
       334          0          0          0          0        148   dadd.o
       222          0          0          0          0        100   ddiv.o
       186          0          0          0          0        176   depilogue.o
        62          0          0          0          0         80   dfixi.o
        50          0          0          0          0         76   dfixui.o
        34          0          0          0          0         76   dflti.o
        26          0          0          0          0         76   dfltui.o
       228          0          0          0          0         96   dmul.o
        38          0          0          0          0         68   f2d.o
       110          0          0          0          0        168   fepilogue.o

    ----------------------------------------------------------------------
      5372        434        288          4          0       4532   Library Totals
        10          0          0          0          0          0   (incl. Padding)

    ----------------------------------------------------------------------

      Code (inc. data)   RO Data    RW Data    ZI Data      Debug   Library Name

      3592        412        288          0          0       2772   m_wm.l
       424         22          0          4          0        608   mc_w.l
      1346          0          0          0          0       1152   mf_w.l

    ----------------------------------------------------------------------
      5372        434        288          4          0       4532   Library Totals

    ----------------------------------------------------------------------

==============================================================================


      Code (inc. data)   RO Data    RW Data    ZI Data      Debug   

     35348       2918       1720        344      24728    1027952   Grand Totals
     35348       2918       1720         32      24728    1027952   ELF Image Totals (compressed)
     35348       2918       1720         32          0          0   ROM Totals

==============================================================================

    Total RO  Size (Code + RO Data)                37068 (  36.20kB)
    Total RW  Size (RW Data + ZI Data)             25072 (  24.48kB)
    Total ROM Size (Code + RO Data + RW Data)      37100 (  36.23kB)

==============================================================================

